Component: ARM Compiler 6.14.1 Tool: armlink [5db06d00]

==============================================================================

Section Cross References

    startup_stm32f407xx.o(RESET) refers to startup_stm32f407xx.o(STACK) for __initial_sp
    startup_stm32f407xx.o(RESET) refers to startup_stm32f407xx.o(.text) for Reset_Handler
    startup_stm32f407xx.o(RESET) refers to stm32f4xx_it.o(.text.NMI_Handler) for NMI_Handler
    startup_stm32f407xx.o(RESET) refers to stm32f4xx_it.o(.text.HardFault_Handler) for HardFault_Handler
    startup_stm32f407xx.o(RESET) refers to stm32f4xx_it.o(.text.MemManage_Handler) for MemManage_Handler
    startup_stm32f407xx.o(RESET) refers to stm32f4xx_it.o(.text.BusFault_Handler) for BusFault_Handler
    startup_stm32f407xx.o(RESET) refers to stm32f4xx_it.o(.text.UsageFault_Handler) for UsageFault_Handler
    startup_stm32f407xx.o(RESET) refers to stm32f4xx_it.o(.text.SVC_Handler) for SVC_Handler
    startup_stm32f407xx.o(RESET) refers to stm32f4xx_it.o(.text.DebugMon_Handler) for DebugMon_Handler
    startup_stm32f407xx.o(RESET) refers to stm32f4xx_it.o(.text.PendSV_Handler) for PendSV_Handler
    startup_stm32f407xx.o(RESET) refers to stm32f4xx_it.o(.text.SysTick_Handler) for SysTick_Handler
    startup_stm32f407xx.o(.text) refers to system_stm32f4xx.o(.text.SystemInit) for SystemInit
    startup_stm32f407xx.o(.text) refers to entry.o(.ARM.Collect$$$$00000000) for __main
    main.o(.text.mount_disk) refers to main.o(.bss.fs) for fs
    main.o(.text.mount_disk) refers to fatfs.o(.bss.USERPath) for USERPath
    main.o(.text.mount_disk) refers to ff.o(.text.f_mount) for f_mount
    main.o(.text.mount_disk) refers to printf1.o(i.__0printf$1) for __2printf
    main.o(.text.mount_disk) refers to puts.o(i.puts) for puts
    main.o(.ARM.exidx.text.mount_disk) refers to main.o(.text.mount_disk) for [Anonymous Symbol]
    main.o(.text.format_disk) refers to puts.o(i.puts) for puts
    main.o(.text.format_disk) refers to fatfs.o(.bss.USERPath) for USERPath
    main.o(.text.format_disk) refers to ff.o(.text.f_mkfs) for f_mkfs
    main.o(.text.format_disk) refers to printf1.o(i.__0printf$1) for __2printf
    main.o(.ARM.exidx.text.format_disk) refers to main.o(.text.format_disk) for [Anonymous Symbol]
    main.o(.text.create_file) refers to main.o(.rodata.str1.1) for .L.str.5
    main.o(.text.create_file) refers to ff.o(.text.f_open) for f_open
    main.o(.text.create_file) refers to puts.o(i.puts) for puts
    main.o(.text.create_file) refers to printf1.o(i.__0printf$1) for __2printf
    main.o(.text.create_file) refers to ff.o(.text.f_printf) for f_printf
    main.o(.text.create_file) refers to ff.o(.text.f_close) for f_close
    main.o(.ARM.exidx.text.create_file) refers to main.o(.text.create_file) for [Anonymous Symbol]
    main.o(.text.get_disk_info) refers to ff.o(.text.f_getfree) for f_getfree
    main.o(.text.get_disk_info) refers to puts.o(i.puts) for puts
    main.o(.text.get_disk_info) refers to main.o(.rodata.str1.1) for .L.str.8
    main.o(.text.get_disk_info) refers to printf1.o(i.__0printf$1) for __2printf
    main.o(.ARM.exidx.text.get_disk_info) refers to main.o(.text.get_disk_info) for [Anonymous Symbol]
    main.o(.text.read_file) refers to memseta.o(.text) for __aeabi_memclr4
    main.o(.text.read_file) refers to main.o(.rodata.str1.1) for .L.str.5
    main.o(.text.read_file) refers to ff.o(.text.f_open) for f_open
    main.o(.text.read_file) refers to printf1.o(i.__0printf$1) for __2printf
    main.o(.text.read_file) refers to ff.o(.text.f_read) for f_read
    main.o(.text.read_file) refers to puts.o(i.puts) for puts
    main.o(.text.read_file) refers to ff.o(.text.f_close) for f_close
    main.o(.ARM.exidx.text.read_file) refers to main.o(.text.read_file) for [Anonymous Symbol]
    main.o(.text.main) refers to stm32f4xx_hal.o(.text.HAL_Init) for HAL_Init
    main.o(.text.main) refers to main.o(.text.SystemClock_Config) for SystemClock_Config
    main.o(.text.main) refers to gpio.o(.text.MX_GPIO_Init) for MX_GPIO_Init
    main.o(.text.main) refers to spi.o(.text.MX_SPI1_Init) for MX_SPI1_Init
    main.o(.text.main) refers to usart.o(.text.MX_USART1_UART_Init) for MX_USART1_UART_Init
    main.o(.text.main) refers to fatfs.o(.text.MX_FATFS_Init) for MX_FATFS_Init
    main.o(.text.main) refers to main.o(.text.mount_disk) for mount_disk
    main.o(.text.main) refers to main.o(.text.format_disk) for format_disk
    main.o(.text.main) refers to main.o(.text.create_file) for create_file
    main.o(.text.main) refers to main.o(.text.get_disk_info) for get_disk_info
    main.o(.text.main) refers to main.o(.text.read_file) for read_file
    main.o(.ARM.exidx.text.main) refers to main.o(.text.main) for [Anonymous Symbol]
    main.o(.text.SystemClock_Config) refers to memseta.o(.text) for __aeabi_memclr4
    main.o(.text.SystemClock_Config) refers to stm32f4xx_hal_rcc.o(.text.HAL_RCC_OscConfig) for HAL_RCC_OscConfig
[...]
    Removing stm32f4xx_hal_uart.o(.text.HAL_UART_TxHalfCpltCallback), (2 bytes).
    Removing stm32f4xx_hal_uart.o(.ARM.exidx.text.HAL_UART_TxHalfCpltCallback), (8 bytes).
    Removing stm32f4xx_hal_uart.o(.text.HAL_UART_RxCpltCallback), (2 bytes).
    Removing stm32f4xx_hal_uart.o(.ARM.exidx.text.HAL_UART_RxCpltCallback), (8 bytes).
    Removing stm32f4xx_hal_uart.o(.text.HAL_UART_RxHalfCpltCallback), (2 bytes).
    Removing stm32f4xx_hal_uart.o(.ARM.exidx.text.HAL_UART_RxHalfCpltCallback), (8 bytes).
    Removing stm32f4xx_hal_uart.o(.text.HAL_LIN_SendBreak), (44 bytes).
    Removing stm32f4xx_hal_uart.o(.ARM.exidx.text.HAL_LIN_SendBreak), (8 bytes).
    Removing stm32f4xx_hal_uart.o(.text.HAL_MultiProcessor_EnterMuteMode), (44 bytes).
    Removing stm32f4xx_hal_uart.o(.ARM.exidx.text.HAL_MultiProcessor_EnterMuteMode), (8 bytes).
    Removing stm32f4xx_hal_uart.o(.text.HAL_MultiProcessor_ExitMuteMode), (44 bytes).
    Removing stm32f4xx_hal_uart.o(.ARM.exidx.text.HAL_MultiProcessor_ExitMuteMode), (8 bytes).
    Removing stm32f4xx_hal_uart.o(.text.HAL_HalfDuplex_EnableTransmitter), (44 bytes).
    Removing stm32f4xx_hal_uart.o(.ARM.exidx.text.HAL_HalfDuplex_EnableTransmitter), (8 bytes).
    Removing stm32f4xx_hal_uart.o(.text.HAL_HalfDuplex_EnableReceiver), (46 bytes).
    Removing stm32f4xx_hal_uart.o(.ARM.exidx.text.HAL_HalfDuplex_EnableReceiver), (8 bytes).
    Removing stm32f4xx_hal_uart.o(.text.HAL_UART_GetState), (14 bytes).
    Removing stm32f4xx_hal_uart.o(.ARM.exidx.text.HAL_UART_GetState), (8 bytes).
    Removing stm32f4xx_hal_uart.o(.text.HAL_UART_GetError), (4 bytes).
    Removing stm32f4xx_hal_uart.o(.ARM.exidx.text.HAL_UART_GetError), (8 bytes).
    Removing system_stm32f4xx.o(.text), (0 bytes).
    Removing system_stm32f4xx.o(.ARM.exidx.text.SystemInit), (8 bytes).
    Removing system_stm32f4xx.o(.text.SystemCoreClockUpdate), (126 bytes).
    Removing system_stm32f4xx.o(.ARM.exidx.text.SystemCoreClockUpdate), (8 bytes).
    Removing diskio.o(.text), (0 bytes).
    Removing diskio.o(.ARM.exidx.text.disk_status), (8 bytes).
    Removing diskio.o(.ARM.exidx.text.disk_initialize), (8 bytes).
    Removing diskio.o(.ARM.exidx.text.disk_read), (8 bytes).
    Removing diskio.o(.ARM.exidx.text.disk_write), (8 bytes).
    Removing diskio.o(.ARM.exidx.text.disk_ioctl), (8 bytes).
    Removing diskio.o(.text.get_fattime), (4 bytes).
    Removing diskio.o(.ARM.exidx.text.get_fattime), (8 bytes).
    Removing ff.o(.text), (0 bytes).
    Removing ff.o(.ARM.exidx.text.f_mount), (8 bytes).
    Removing ff.o(.ARM.exidx.text.get_ldnumber), (8 bytes).
    Removing ff.o(.ARM.exidx.text.clear_lock), (8 bytes).
    Removing ff.o(.ARM.exidx.text.find_volume), (8 bytes).
    Removing ff.o(.ARM.exidx.text.f_open), (8 bytes).
    Removing ff.o(.ARM.exidx.text.follow_path), (8 bytes).
    Removing ff.o(.ARM.exidx.text.chk_lock), (8 bytes).
    Removing ff.o(.ARM.exidx.text.enq_lock), (8 bytes).
    Removing ff.o(.ARM.exidx.text.dir_register), (8 bytes).
    Removing ff.o(.ARM.exidx.text.st_dword), (8 bytes).
    Removing ff.o(.ARM.exidx.text.ld_clust), (8 bytes).
    Removing ff.o(.ARM.exidx.text.st_clust), (8 bytes).
    Removing ff.o(.ARM.exidx.text.remove_chain), (8 bytes).
    Removing ff.o(.ARM.exidx.text.move_window), (8 bytes).
    Removing ff.o(.ARM.exidx.text.inc_lock), (8 bytes).
    Removing ff.o(.ARM.exidx.text.ld_dword), (8 bytes).
    Removing ff.o(.ARM.exidx.text.mem_set), (8 bytes).
    Removing ff.o(.ARM.exidx.text.get_fat), (8 bytes).
    Removing ff.o(.ARM.exidx.text.clust2sect), (8 bytes).
    Removing ff.o(.ARM.exidx.text.f_read), (8 bytes).
    Removing ff.o(.ARM.exidx.text.validate), (8 bytes).
    Removing ff.o(.ARM.exidx.text.clmt_clust), (8 bytes).
    Removing ff.o(.ARM.exidx.text.mem_cpy), (8 bytes).
    Removing ff.o(.ARM.exidx.text.f_write), (8 bytes).
    Removing ff.o(.ARM.exidx.text.create_chain), (8 bytes).
    Removing ff.o(.ARM.exidx.text.f_sync), (8 bytes).
    Removing ff.o(.ARM.exidx.text.st_word), (8 bytes).
    Removing ff.o(.ARM.exidx.text.sync_fs), (8 bytes).
    Removing ff.o(.ARM.exidx.text.f_close), (8 bytes).
    Removing ff.o(.ARM.exidx.text.dec_lock), (8 bytes).
    Removing ff.o(.text.f_lseek), (628 bytes).
    Removing ff.o(.ARM.exidx.text.f_lseek), (8 bytes).
    Removing ff.o(.text.f_opendir), (146 bytes).
    Removing ff.o(.ARM.exidx.text.f_opendir), (8 bytes).
    Removing ff.o(.ARM.exidx.text.dir_sdi), (8 bytes).
    Removing ff.o(.text.f_closedir), (40 bytes).
    Removing ff.o(.ARM.exidx.text.f_closedir), (8 bytes).
    Removing ff.o(.text.f_readdir), (94 bytes).
    Removing ff.o(.ARM.exidx.text.f_readdir), (8 bytes).
    Removing ff.o(.text.dir_read), (176 bytes).
    Removing ff.o(.ARM.exidx.text.dir_read), (8 bytes).
    Removing ff.o(.text.get_fileinfo), (288 bytes).
    Removing ff.o(.ARM.exidx.text.get_fileinfo), (8 bytes).
    Removing ff.o(.ARM.exidx.text.dir_next), (8 bytes).
    Removing ff.o(.text.f_stat), (76 bytes).
    Removing ff.o(.ARM.exidx.text.f_stat), (8 bytes).
    Removing ff.o(.ARM.exidx.text.f_getfree), (8 bytes).
    Removing ff.o(.ARM.exidx.text.ld_word), (8 bytes).
    Removing ff.o(.text.f_truncate), (170 bytes).
    Removing ff.o(.ARM.exidx.text.f_truncate), (8 bytes).
    Removing ff.o(.text.f_unlink), (184 bytes).
    Removing ff.o(.ARM.exidx.text.f_unlink), (8 bytes).
    Removing ff.o(.text.dir_remove), (86 bytes).
    Removing ff.o(.ARM.exidx.text.dir_remove), (8 bytes).
    Removing ff.o(.text.f_mkdir), (362 bytes).
    Removing ff.o(.ARM.exidx.text.f_mkdir), (8 bytes).
    Removing ff.o(.ARM.exidx.text.sync_window), (8 bytes).
    Removing ff.o(.text.f_rename), (294 bytes).
    Removing ff.o(.ARM.exidx.text.f_rename), (8 bytes).
    Removing ff.o(.ARM.exidx.text.f_mkfs), (8 bytes).
    Removing ff.o(.text.f_gets), (88 bytes).
    Removing ff.o(.ARM.exidx.text.f_gets), (8 bytes).
    Removing ff.o(.text.f_putc), (32 bytes).
    Removing ff.o(.ARM.exidx.text.f_putc), (8 bytes).
    Removing ff.o(.ARM.exidx.text.putc_init), (8 bytes).
    Removing ff.o(.ARM.exidx.text.putc_bfd), (8 bytes).
    Removing ff.o(.ARM.exidx.text.putc_flush), (8 bytes).
    Removing ff.o(.text.f_puts), (46 bytes).
    Removing ff.o(.ARM.exidx.text.f_puts), (8 bytes).
    Removing ff.o(.ARM.exidx.text.f_printf), (8 bytes).
    Removing ff.o(.ARM.exidx.text.check_fs), (8 bytes).
    Removing ff.o(.ARM.exidx.text.create_name), (8 bytes).
    Removing ff.o(.ARM.exidx.text.dir_find), (8 bytes).
    Removing ff.o(.ARM.exidx.text.chk_chr), (8 bytes).
    Removing ff.o(.ARM.exidx.text.cmp_lfn), (8 bytes).
    Removing ff.o(.ARM.exidx.text.sum_sfn), (8 bytes).
    Removing ff.o(.ARM.exidx.text.mem_cmp), (8 bytes).
    Removing ff.o(.ARM.exidx.text.gen_numname), (8 bytes).
    Removing ff.o(.ARM.exidx.text.dir_alloc), (8 bytes).
    Removing ff.o(.ARM.exidx.text.put_lfn), (8 bytes).
    Removing ff.o(.ARM.exidx.text.put_fat), (8 bytes).
    Removing ff.o(.text.pick_lfn), (132 bytes).
    Removing ff.o(.ARM.exidx.text.pick_lfn), (8 bytes).
    Removing ff_gen_drv.o(.text), (0 bytes).
    Removing ff_gen_drv.o(.ARM.exidx.text.FATFS_LinkDriverEx), (8 bytes).
    Removing ff_gen_drv.o(.ARM.exidx.text.FATFS_LinkDriver), (8 bytes).
    Removing ff_gen_drv.o(.text.FATFS_UnLinkDriverEx), (48 bytes).
    Removing ff_gen_drv.o(.ARM.exidx.text.FATFS_UnLinkDriverEx), (8 bytes).
    Removing ff_gen_drv.o(.text.FATFS_UnLinkDriver), (10 bytes).
    Removing ff_gen_drv.o(.ARM.exidx.text.FATFS_UnLinkDriver), (8 bytes).
    Removing ff_gen_drv.o(.text.FATFS_GetAttachedDriversNbr), (12 bytes).
    Removing ff_gen_drv.o(.ARM.exidx.text.FATFS_GetAttachedDriversNbr), (8 bytes).
    Removing syscall.o(.text), (0 bytes).
    Removing cc936.o(.text), (0 bytes).
    Removing cc936.o(.ARM.exidx.text.ff_convert), (8 bytes).
    Removing cc936.o(.ARM.exidx.text.ff_wtoupper), (8 bytes).
    Removing dadd.o(.text), (334 bytes).
    Removing dmul.o(.text), (228 bytes).
    Removing ddiv.o(.text), (222 bytes).
    Removing dfixul.o(.text), (48 bytes).
    Removing cdrcmple.o(.text), (48 bytes).
    Removing depilogue.o(.text), (186 bytes).

731 unused section(s) (total 39689 bytes) removed from the image.

==============================================================================

Image Symbol Table

    Local Symbols

    Symbol Name                              Value     Ov Type        Size  Object(Section)

    ../clib/microlib/division.c              0x00000000   Number         0  uldiv.o ABSOLUTE
    ../clib/microlib/division.c              0x00000000   Number         0  uidiv.o ABSOLUTE
    ../clib/microlib/init/entry.s            0x00000000   Number         0  entry.o ABSOLUTE
    ../clib/microlib/init/entry.s            0x00000000   Number         0  entry2.o ABSOLUTE
    ../clib/microlib/init/entry.s            0x00000000   Number         0  entry5.o ABSOLUTE
    ../clib/microlib/init/entry.s            0x00000000   Number         0  entry7a.o ABSOLUTE
    ../clib/microlib/init/entry.s            0x00000000   Number         0  entry7b.o ABSOLUTE
    ../clib/microlib/init/entry.s            0x00000000   Number         0  entry8a.o ABSOLUTE
    ../clib/microlib/init/entry.s            0x00000000   Number         0  entry8b.o ABSOLUTE
    ../clib/microlib/init/entry.s            0x00000000   Number         0  entry9a.o ABSOLUTE
    ../clib/microlib/init/entry.s            0x00000000   Number         0  entry9b.o ABSOLUTE
    ../clib/microlib/init/entry.s            0x00000000   Number         0  entry10a.o ABSOLUTE
    ../clib/microlib/init/entry.s            0x00000000   Number         0  entry10b.o ABSOLUTE
    ../clib/microlib/init/entry.s            0x00000000   Number         0  entry11a.o ABSOLUTE
    ../clib/microlib/init/entry.s            0x00000000   Number         0  entry11b.o ABSOLUTE
    ../clib/microlib/longlong.c              0x00000000   Number         0  llshl.o ABSOLUTE
    ../clib/microlib/longlong.c              0x00000000   Number         0  llushr.o ABSOLUTE
    ../clib/microlib/longlong.c              0x00000000   Number         0  llsshr.o ABSOLUTE
    ../clib/microlib/printf/printf.c         0x00000000   Number         0  printfb.o ABSOLUTE
    ../clib/microlib/printf/printf.c         0x00000000   Number         0  printf0.o ABSOLUTE
    ../clib/microlib/printf/printf.c         0x00000000   Number         0  printf1.o ABSOLUTE
    ../clib/microlib/printf/printf.c         0x00000000   Number         0  printf2.o ABSOLUTE
    ../clib/microlib/printf/printf.c         0x00000000   Number         0  printf3.o ABSOLUTE
    ../clib/microlib/printf/printf.c         0x00000000   Number         0  printf4.o ABSOLUTE
    ../clib/microlib/printf/printf.c         0x00000000   Number         0  printf5.o ABSOLUTE
    ../clib/microlib/printf/printf.c         0x00000000   Number         0  printf6.o ABSOLUTE
    ../clib/microlib/printf/printf.c         0x00000000   Number         0  printf7.o ABSOLUTE
    ../clib/microlib/printf/printf.c         0x00000000   Number         0  printf8.o ABSOLUTE
    ../clib/microlib/printf/printf.c         0x00000000   Number         0  printfa.o ABSOLUTE
    ../clib/microlib/printf/stubs.s          0x00000000   Number         0  printfstubs.o ABSOLUTE
    ../clib/microlib/stdio/puts.c            0x00000000   Number         0  puts.o ABSOLUTE
    ../clib/microlib/stdio/puts.c            0x00000000   Number         0  puts_e.o ABSOLUTE
    ../clib/microlib/stdio/streams.c         0x00000000   Number         0  stdout.o ABSOLUTE
    ../clib/microlib/string/memset.c         0x00000000   Number         0  memseta.o ABSOLUTE
    ../clib/microlib/stubs.s                 0x00000000   Number         0  iusefp.o ABSOLUTE
    ../fplib/microlib/fpadd.c                0x00000000   Number         0  dadd.o ABSOLUTE
    ../fplib/microlib/fpdiv.c                0x00000000   Number         0  ddiv.o ABSOLUTE
    ../fplib/microlib/fpepilogue.c           0x00000000   Number         0  depilogue.o ABSOLUTE
    ../fplib/microlib/fpfix.c                0x00000000   Number         0  dfixul.o ABSOLUTE
    ../fplib/microlib/fpmul.c                0x00000000   Number         0  dmul.o ABSOLUTE
    cc936.c                                  0x00000000   Number         0  cc936.o ABSOLUTE
    cdrcmple.s                               0x00000000   Number         0  cdrcmple.o ABSOLUTE
    dc.s                                     0x00000000   Number         0  dc.o ABSOLUTE
    diskio.c                                 0x00000000   Number         0  diskio.o ABSOLUTE
    fatfs.c                                  0x00000000   Number         0  fatfs.o ABSOLUTE
    ff.c                                     0x00000000   Number         0  ff.o ABSOLUTE
    ff_gen_drv.c                             0x00000000   Number         0  ff_gen_drv.o ABSOLUTE
    flash.c                                  0x00000000   Number         0  flash.o ABSOLUTE
    gpio.c                                   0x00000000   Number         0  gpio.o ABSOLUTE
    handlers.s                               0x00000000   Number         0  handlers.o ABSOLUTE
    init.s                                   0x00000000   Number         0  init.o ABSOLUTE
    main.c                                   0x00000000   Number         0  main.o ABSOLUTE
    spi.c                                    0x00000000   Number         0  spi.o ABSOLUTE
    startup_stm32f407xx.s                    0x00000000   Number         0  startup_stm32f407xx.o ABSOLUTE
    stm32f4xx_hal.c                          0x00000000   Number         0  stm32f4xx_hal.o ABSOLUTE
    stm32f4xx_hal_cortex.c                   0x00000000   Number         0  stm32f4xx_hal_cortex.o ABSOLUTE
    stm32f4xx_hal_dma.c                      0x00000000   Number         0  stm32f4xx_hal_dma.o ABSOLUTE
    stm32f4xx_hal_dma_ex.c                   0x00000000   Number         0  stm32f4xx_hal_dma_ex.o ABSOLUTE
    stm32f4xx_hal_exti.c                     0x00000000   Number         0  stm32f4xx_hal_exti.o ABSOLUTE
    stm32f4xx_hal_flash.c                    0x00000000   Number         0  stm32f4xx_hal_flash.o ABSOLUTE
    stm32f4xx_hal_flash_ex.c                 0x00000000   Number         0  stm32f4xx_hal_flash_ex.o ABSOLUTE
    stm32f4xx_hal_flash_ramfunc.c            0x00000000   Number         0  stm32f4xx_hal_flash_ramfunc.o ABSOLUTE
    stm32f4xx_hal_gpio.c                     0x00000000   Number         0  stm32f4xx_hal_gpio.o ABSOLUTE
    stm32f4xx_hal_msp.c                      0x00000000   Number         0  stm32f4xx_hal_msp.o ABSOLUTE
    stm32f4xx_hal_pwr.c                      0x00000000   Number         0  stm32f4xx_hal_pwr.o ABSOLUTE
    stm32f4xx_hal_pwr_ex.c                   0x00000000   Number         0  stm32f4xx_hal_pwr_ex.o ABSOLUTE
    stm32f4xx_hal_rcc.c                      0x00000000   Number         0  stm32f4xx_hal_rcc.o ABSOLUTE
    stm32f4xx_hal_rcc_ex.c                   0x00000000   Number         0  stm32f4xx_hal_rcc_ex.o ABSOLUTE
    stm32f4xx_hal_spi.c                      0x00000000   Number         0  stm32f4xx_hal_spi.o ABSOLUTE
    stm32f4xx_hal_tim.c                      0x00000000   Number         0  stm32f4xx_hal_tim.o ABSOLUTE
    stm32f4xx_hal_tim_ex.c                   0x00000000   Number         0  stm32f4xx_hal_tim_ex.o ABSOLUTE
    stm32f4xx_hal_uart.c                     0x00000000   Number         0  stm32f4xx_hal_uart.o ABSOLUTE
    stm32f4xx_it.c                           0x00000000   Number         0  stm32f4xx_it.o ABSOLUTE
    syscall.c                                0x00000000   Number         0  syscall.o ABSOLUTE
    system_stm32f4xx.c                       0x00000000   Number         0  system_stm32f4xx.o ABSOLUTE
    usart.c                                  0x00000000   Number         0  usart.o ABSOLUTE
    user_diskio.c                            0x00000000   Number         0  user_diskio.o ABSOLUTE
    RESET                                    0x08000000   Section      392  startup_stm32f407xx.o(RESET)
    .ARM.Collect$$$$00000000                 0x08000188   Section        0  entry.o(.ARM.Collect$$$$00000000)
    .ARM.Collect$$$$00000001                 0x08000188   Section        4  entry2.o(.ARM.Collect$$$$00000001)
    .ARM.Collect$$$$00000004                 0x0800018c   Section        4  entry5.o(.ARM.Collect$$$$00000004)
    .ARM.Collect$$$$00000008                 0x08000190   Section        0  entry7b.o(.ARM.Collect$$$$00000008)
    .ARM.Collect$$$$0000000A                 0x08000190   Section        0  entry8b.o(.ARM.Collect$$$$0000000A)
    .ARM.Collect$$$$0000000B                 0x08000190   Section        8  entry9a.o(.ARM.Collect$$$$0000000B)
    __lit__00000000                          0x08000198   Data           4  entry2.o(.ARM.Collect$$$$00002712)
    .ARM.Collect$$$$0000000D                 0x08000198   Section        0  entry10a.o(.ARM.Collect$$$$0000000D)
    .ARM.Collect$$$$0000000F                 0x08000198   Section        0  entry11a.o(.ARM.Collect$$$$0000000F)
    .ARM.Collect$$$$00002712                 0x08000198   Section        4  entry2.o(.ARM.Collect$$$$00002712)
    $v0                                      0x0800019c   Number         0  startup_stm32f407xx.o(.text)
    .text                                    0x0800019c   Section       36  startup_stm32f407xx.o(.text)
    .text                                    0x080001c0   Section        0  uldiv.o(.text)
    .text                                    0x08000222   Section        0  memseta.o(.text)
    .text                                    0x08000246   Section        0  uidiv.o(.text)
    .text                                    0x08000272   Section        0  llshl.o(.text)
    .text                                    0x08000290   Section        0  llushr.o(.text)
    .text                                    0x080002b0   Section       36  init.o(.text)
    [Anonymous Symbol]                       0x080002d4   Section        0  stm32f4xx_it.o(.text.BusFault_Handler)
    [Anonymous Symbol]                       0x080002d8   Section        0  stm32f4xx_it.o(.text.DebugMon_Handler)
    [Anonymous Symbol]                       0x080002dc   Section        0  main.o(.text.Error_Handler)
    [Anonymous Symbol]                       0x080002e0   Section        0  ff_gen_drv.o(.text.FATFS_LinkDriver)
    [Anonymous Symbol]                       0x080002ec   Section        0  ff_gen_drv.o(.text.FATFS_LinkDriverEx)
    [Anonymous Symbol]                       0x0800033c   Section        0  stm32f4xx_hal_gpio.o(.text.HAL_GPIO_Init)
    [Anonymous Symbol]                       0x080004d0   Section        0  stm32f4xx_hal_gpio.o(.text.HAL_GPIO_WritePin)
    [Anonymous Symbol]                       0x080004dc   Section        0  stm32f4xx_hal.o(.text.HAL_GetTick)
    [Anonymous Symbol]                       0x080004e8   Section        0  stm32f4xx_hal.o(.text.HAL_IncTick)
    [Anonymous Symbol]                       0x08000504   Section        0  stm32f4xx_hal.o(.text.HAL_Init)
    [Anonymous Symbol]                       0x0800053c   Section        0  stm32f4xx_hal.o(.text.HAL_InitTick)
    [Anonymous Symbol]                       0x0800058c   Section        0  stm32f4xx_hal_msp.o(.text.HAL_MspInit)
    [Anonymous Symbol]                       0x080005c4   Section        0  stm32f4xx_hal_cortex.o(.text.HAL_NVIC_SetPriority)
    [Anonymous Symbol]                       0x080005e4   Section        0  stm32f4xx_hal_cortex.o(.text.HAL_NVIC_SetPriorityGrouping)
    [Anonymous Symbol]                       0x080005ec   Section        0  stm32f4xx_hal_rcc.o(.text.HAL_RCC_ClockConfig)
    [Anonymous Symbol]                       0x0800074c   Section        0  stm32f4xx_hal_rcc.o(.text.HAL_RCC_GetHCLKFreq)
    [Anonymous Symbol]                       0x08000758   Section        0  stm32f4xx_hal_rcc.o(.text.HAL_RCC_GetPCLK1Freq)
    [Anonymous Symbol]                       0x0800077c   Section        0  stm32f4xx_hal_rcc.o(.text.HAL_RCC_GetPCLK2Freq)
    [Anonymous Symbol]                       0x080007a0   Section        0  stm32f4xx_hal_rcc.o(.text.HAL_RCC_GetSysClockFreq)
    [Anonymous Symbol]                       0x0800080c   Section        0  stm32f4xx_hal_rcc.o(.text.HAL_RCC_OscConfig)
    [Anonymous Symbol]                       0x08000b40   Section        0  stm32f4xx_hal_spi.o(.text.HAL_SPI_Init)
    [Anonymous Symbol]                       0x08000bb4   Section        0  spi.o(.text.HAL_SPI_MspInit)
    [Anonymous Symbol]                       0x08000c28   Section        0  stm32f4xx_hal_spi.o(.text.HAL_SPI_Receive)
    [Anonymous Symbol]                       0x08000d70   Section        0  stm32f4xx_hal_spi.o(.text.HAL_SPI_Transmit)
    [Anonymous Symbol]                       0x08000ee4   Section        0  stm32f4xx_hal_spi.o(.text.HAL_SPI_TransmitReceive)
    [Anonymous Symbol]                       0x080010c8   Section        0  stm32f4xx_hal_cortex.o(.text.HAL_SYSTICK_Config)
    [Anonymous Symbol]                       0x080010d0   Section        0  stm32f4xx_hal_uart.o(.text.HAL_UART_Init)
    [Anonymous Symbol]                       0x08001130   Section        0  usart.o(.text.HAL_UART_MspInit)
    [Anonymous Symbol]                       0x080011a4   Section        0  stm32f4xx_it.o(.text.HardFault_Handler)
    [Anonymous Symbol]                       0x080011a8   Section        0  fatfs.o(.text.MX_FATFS_Init)
    [Anonymous Symbol]                       0x080011cc   Section        0  gpio.o(.text.MX_GPIO_Init)
    [Anonymous Symbol]                       0x08001260   Section        0  spi.o(.text.MX_SPI1_Init)
    [Anonymous Symbol]                       0x080012a4   Section        0  usart.o(.text.MX_USART1_UART_Init)
    [Anonymous Symbol]                       0x080012dc   Section        0  stm32f4xx_it.o(.text.MemManage_Handler)
    [Anonymous Symbol]                       0x080012e0   Section        0  stm32f4xx_it.o(.text.NMI_Handler)
    NVIC_EncodePriority                      0x080012e5   Thumb Code    44  stm32f4xx_hal_cortex.o(.text.NVIC_EncodePriority)
    [Anonymous Symbol]                       0x080012e4   Section        0  stm32f4xx_hal_cortex.o(.text.NVIC_EncodePriority)
    [Anonymous Symbol]                       0x08001310   Section        0  stm32f4xx_it.o(.text.PendSV_Handler)
    SPI_EndRxTransaction                     0x08001315   Thumb Code   112  stm32f4xx_hal_spi.o(.text.SPI_EndRxTransaction)
    [Anonymous Symbol]                       0x08001314   Section        0  stm32f4xx_hal_spi.o(.text.SPI_EndRxTransaction)
    SPI_EndRxTxTransaction                   0x08001385   Thumb Code   100  stm32f4xx_hal_spi.o(.text.SPI_EndRxTxTransaction)
    [Anonymous Symbol]                       0x08001384   Section        0  stm32f4xx_hal_spi.o(.text.SPI_EndRxTxTransaction)
    SPI_Receive                              0x080013e9   Thumb Code    22  flash.o(.text.SPI_Receive)
    [Anonymous Symbol]                       0x080013e8   Section        0  flash.o(.text.SPI_Receive)
    SPI_Transmit                             0x08001401   Thumb Code    22  flash.o(.text.SPI_Transmit)
    [Anonymous Symbol]                       0x08001400   Section        0  flash.o(.text.SPI_Transmit)
    SPI_WaitFlagStateUntilTimeout            0x08001419   Thumb Code   146  stm32f4xx_hal_spi.o(.text.SPI_WaitFlagStateUntilTimeout)
    [Anonymous Symbol]                       0x08001418   Section        0  stm32f4xx_hal_spi.o(.text.SPI_WaitFlagStateUntilTimeout)
    [Anonymous Symbol]                       0x080014ac   Section        0  stm32f4xx_it.o(.text.SVC_Handler)
    SysTick_Config                           0x080014b1   Thumb Code    46  stm32f4xx_hal_cortex.o(.text.SysTick_Config)
    [Anonymous Symbol]                       0x080014b0   Section        0  stm32f4xx_hal_cortex.o(.text.SysTick_Config)
    [Anonymous Symbol]                       0x080014e0   Section        0  stm32f4xx_it.o(.text.SysTick_Handler)
    [Anonymous Symbol]                       0x080014e8   Section        0  main.o(.text.SystemClock_Config)
    [Anonymous Symbol]                       0x08001580   Section        0  system_stm32f4xx.o(.text.SystemInit)
    UART_SetConfig                           0x0800159d   Thumb Code   364  stm32f4xx_hal_uart.o(.text.UART_SetConfig)
    [Anonymous Symbol]                       0x0800159c   Section        0  stm32f4xx_hal_uart.o(.text.UART_SetConfig)
    [Anonymous Symbol]                       0x08001708   Section        0  user_diskio.o(.text.USER_initialize)
    [Anonymous Symbol]                       0x08001718   Section        0  user_diskio.o(.text.USER_ioctl)
    [Anonymous Symbol]                       0x08001744   Section        0  user_diskio.o(.text.USER_read)
    [Anonymous Symbol]                       0x0800176c   Section        0  user_diskio.o(.text.USER_status)
    [Anonymous Symbol]                       0x0800177c   Section        0  user_diskio.o(.text.USER_write)
    [Anonymous Symbol]                       0x080017a0   Section        0  stm32f4xx_it.o(.text.UsageFault_Handler)
    [Anonymous Symbol]                       0x080017a4   Section        0  flash.o(.text.W25QXX_Page_Program)
    [Anonymous Symbol]                       0x080017fc   Section        0  flash.o(.text.W25QXX_Read)
    W25QXX_ReadSR                            0x08001861   Thumb Code    92  flash.o(.text.W25QXX_ReadSR)
    [Anonymous Symbol]                       0x08001860   Section        0  flash.o(.text.W25QXX_ReadSR)
    W25QXX_Wait_Busy                         0x080018bd   Thumb Code    14  flash.o(.text.W25QXX_Wait_Busy)
    [Anonymous Symbol]                       0x080018bc   Section        0  flash.o(.text.W25QXX_Wait_Busy)
    [Anonymous Symbol]                       0x080018cc   Section        0  flash.o(.text.W25QXX_Write_Enable)
    __NVIC_GetPriorityGrouping               0x08001909   Thumb Code    16  stm32f4xx_hal_cortex.o(.text.__NVIC_GetPriorityGrouping)
    [Anonymous Symbol]                       0x08001908   Section        0  stm32f4xx_hal_cortex.o(.text.__NVIC_GetPriorityGrouping)
    __NVIC_SetPriority                       0x08001919   Thumb Code    34  stm32f4xx_hal_cortex.o(.text.__NVIC_SetPriority)
    [Anonymous Symbol]                       0x08001918   Section        0  stm32f4xx_hal_cortex.o(.text.__NVIC_SetPriority)
    __NVIC_SetPriorityGrouping               0x0800193d   Thumb Code    32  stm32f4xx_hal_cortex.o(.text.__NVIC_SetPriorityGrouping)
    [Anonymous Symbol]                       0x0800193c   Section        0  stm32f4xx_hal_cortex.o(.text.__NVIC_SetPriorityGrouping)
    check_fs                                 0x0800195d   Thumb Code   116  ff.o(.text.check_fs)
    [Anonymous Symbol]                       0x0800195c   Section        0  ff.o(.text.check_fs)
    chk_chr                                  0x080019d1   Thumb Code    18  ff.o(.text.chk_chr)
    [Anonymous Symbol]                       0x080019d0   Section        0  ff.o(.text.chk_chr)
    chk_lock                                 0x080019e5   Thumb Code   128  ff.o(.text.chk_lock)
    [Anonymous Symbol]                       0x080019e4   Section        0  ff.o(.text.chk_lock)
    clear_lock                               0x08001a65   Thumb Code    36  ff.o(.text.clear_lock)
    [Anonymous Symbol]                       0x08001a64   Section        0  ff.o(.text.clear_lock)
    clmt_clust                               0x08001a89   Thumb Code    56  ff.o(.text.clmt_clust)
    [Anonymous Symbol]                       0x08001a88   Section        0  ff.o(.text.clmt_clust)
    clust2sect                               0x08001ac1   Thumb Code    24  ff.o(.text.clust2sect)
    [Anonymous Symbol]                       0x08001ac0   Section        0  ff.o(.text.clust2sect)
    cmp_lfn                                  0x08001ad9   Thumb Code   154  ff.o(.text.cmp_lfn)
    [Anonymous Symbol]                       0x08001ad8   Section        0  ff.o(.text.cmp_lfn)
    create_chain                             0x08001b75   Thumb Code   200  ff.o(.text.create_chain)
    [Anonymous Symbol]                       0x08001b74   Section        0  ff.o(.text.create_chain)
    [Anonymous Symbol]                       0x08001c3c   Section        0  main.o(.text.create_file)
    create_name                              0x08001ce5   Thumb Code   700  ff.o(.text.create_name)
    [Anonymous Symbol]                       0x08001ce4   Section        0  ff.o(.text.create_name)
    dec_lock                                 0x08001fa1   Thumb Code    56  ff.o(.text.dec_lock)
    [Anonymous Symbol]                       0x08001fa0   Section        0  ff.o(.text.dec_lock)
    dir_alloc                                0x08001fd9   Thumb Code    78  ff.o(.text.dir_alloc)
    [Anonymous Symbol]                       0x08001fd8   Section        0  ff.o(.text.dir_alloc)
    dir_find                                 0x08002029   Thumb Code   220  ff.o(.text.dir_find)
    [Anonymous Symbol]                       0x08002028   Section        0  ff.o(.text.dir_find)
    dir_next                                 0x08002105   Thumb Code   306  ff.o(.text.dir_next)
    [Anonymous Symbol]                       0x08002104   Section        0  ff.o(.text.dir_next)
    dir_register                             0x08002239   Thumb Code   332  ff.o(.text.dir_register)
    [Anonymous Symbol]                       0x08002238   Section        0  ff.o(.text.dir_register)
    dir_sdi                                  0x08002385   Thumb Code   164  ff.o(.text.dir_sdi)
    [Anonymous Symbol]                       0x08002384   Section        0  ff.o(.text.dir_sdi)
    [Anonymous Symbol]                       0x08002428   Section        0  diskio.o(.text.disk_initialize)
    [Anonymous Symbol]                       0x08002450   Section        0  diskio.o(.text.disk_ioctl)
    [Anonymous Symbol]                       0x0800246c   Section        0  diskio.o(.text.disk_read)
    [Anonymous Symbol]                       0x0800248c   Section        0  diskio.o(.text.disk_status)
    [Anonymous Symbol]                       0x080024a8   Section        0  diskio.o(.text.disk_write)
    enq_lock                                 0x080024c9   Thumb Code    36  ff.o(.text.enq_lock)
    [Anonymous Symbol]                       0x080024c8   Section        0  ff.o(.text.enq_lock)
    [Anonymous Symbol]                       0x080024ec   Section        0  ff.o(.text.f_close)
    [Anonymous Symbol]                       0x0800251c   Section        0  ff.o(.text.f_getfree)
    [Anonymous Symbol]                       0x0800260c   Section        0  ff.o(.text.f_mkfs)
    [Anonymous Symbol]                       0x08002c48   Section        0  ff.o(.text.f_mount)
    [Anonymous Symbol]                       0x08002cac   Section        0  ff.o(.text.f_open)
    [Anonymous Symbol]                       0x08002f20   Section        0  ff.o(.text.f_printf)
    [Anonymous Symbol]                       0x08003184   Section        0  ff.o(.text.f_read)
    [Anonymous Symbol]                       0x08003304   Section        0  ff.o(.text.f_sync)
    [Anonymous Symbol]                       0x0800339c   Section        0  ff.o(.text.f_write)
    [Anonymous Symbol]                       0x0800354c   Section        0  cc936.o(.text.ff_convert)
    [Anonymous Symbol]                       0x080035c4   Section        0  cc936.o(.text.ff_wtoupper)
    find_volume                              0x08003679   Thumb Code   684  ff.o(.text.find_volume)
    [Anonymous Symbol]                       0x08003678   Section        0  ff.o(.text.find_volume)
    follow_path                              0x08003925   Thumb Code   148  ff.o(.text.follow_path)
    [Anonymous Symbol]                       0x08003924   Section        0  ff.o(.text.follow_path)
    [Anonymous Symbol]                       0x080039b8   Section        0  main.o(.text.format_disk)
    [Anonymous Symbol]                       0x08003a24   Section        0  usart.o(.text.fputc)
    gen_numname                              0x08003a39   Thumb Code   178  ff.o(.text.gen_numname)
    [Anonymous Symbol]                       0x08003a38   Section        0  ff.o(.text.gen_numname)
    [Anonymous Symbol]                       0x08003aec   Section        0  main.o(.text.get_disk_info)
    get_fat                                  0x08003b8d   Thumb Code   192  ff.o(.text.get_fat)
    [Anonymous Symbol]                       0x08003b8c   Section        0  ff.o(.text.get_fat)
    [Anonymous Symbol]                       0x08003c4c   Section        0  fatfs.o(.text.get_fattime)
    get_ldnumber                             0x08003c51   Thumb Code    76  ff.o(.text.get_ldnumber)
    [Anonymous Symbol]                       0x08003c50   Section        0  ff.o(.text.get_ldnumber)
    inc_lock                                 0x08003c9d   Thumb Code   162  ff.o(.text.inc_lock)
    [Anonymous Symbol]                       0x08003c9c   Section        0  ff.o(.text.inc_lock)
    ld_clust                                 0x08003d41   Thumb Code    38  ff.o(.text.ld_clust)
    [Anonymous Symbol]                       0x08003d40   Section        0  ff.o(.text.ld_clust)
    ld_dword                                 0x08003d69   Thumb Code     4  ff.o(.text.ld_dword)
    [Anonymous Symbol]                       0x08003d68   Section        0  ff.o(.text.ld_dword)
    ld_word                                  0x08003d6d   Thumb Code     4  ff.o(.text.ld_word)
    [Anonymous Symbol]                       0x08003d6c   Section        0  ff.o(.text.ld_word)
    [Anonymous Symbol]                       0x08003d70   Section        0  main.o(.text.main)
    mem_cmp                                  0x08003da1   Thumb Code    40  ff.o(.text.mem_cmp)
    [Anonymous Symbol]                       0x08003da0   Section        0  ff.o(.text.mem_cmp)
    mem_cpy                                  0x08003dc9   Thumb Code    26  ff.o(.text.mem_cpy)
    [Anonymous Symbol]                       0x08003dc8   Section        0  ff.o(.text.mem_cpy)
    mem_set                                  0x08003de5   Thumb Code    14  ff.o(.text.mem_set)
    [Anonymous Symbol]                       0x08003de4   Section        0  ff.o(.text.mem_set)
    [Anonymous Symbol]                       0x08003df4   Section        0  main.o(.text.mount_disk)
    move_window                              0x08003e39   Thumb Code    62  ff.o(.text.move_window)
    [Anonymous Symbol]                       0x08003e38   Section        0  ff.o(.text.move_window)
    put_fat                                  0x08003e79   Thumb Code   272  ff.o(.text.put_fat)
    [Anonymous Symbol]                       0x08003e78   Section        0  ff.o(.text.put_fat)
    put_lfn                                  0x08003f89   Thumb Code   142  ff.o(.text.put_lfn)
    [Anonymous Symbol]                       0x08003f88   Section        0  ff.o(.text.put_lfn)
    putc_bfd                                 0x08004019   Thumb Code    72  ff.o(.text.putc_bfd)
    [Anonymous Symbol]                       0x08004018   Section        0  ff.o(.text.putc_bfd)
    putc_flush                               0x08004061   Thumb Code    48  ff.o(.text.putc_flush)
    [Anonymous Symbol]                       0x08004060   Section        0  ff.o(.text.putc_flush)
    putc_init                                0x08004091   Thumb Code    10  ff.o(.text.putc_init)
    [Anonymous Symbol]                       0x08004090   Section        0  ff.o(.text.putc_init)
    [Anonymous Symbol]                       0x0800409c   Section        0  main.o(.text.read_file)
    remove_chain                             0x08004129   Thumb Code   140  ff.o(.text.remove_chain)
    [Anonymous Symbol]                       0x08004128   Section        0  ff.o(.text.remove_chain)
    st_clust                                 0x080041b5   Thumb Code    38  ff.o(.text.st_clust)
    [Anonymous Symbol]                       0x080041b4   Section        0  ff.o(.text.st_clust)
    st_dword                                 0x080041dd   Thumb Code     4  ff.o(.text.st_dword)
    [Anonymous Symbol]                       0x080041dc   Section        0  ff.o(.text.st_dword)
    st_word                                  0x080041e1   Thumb Code     4  ff.o(.text.st_word)
    [Anonymous Symbol]                       0x080041e0   Section        0  ff.o(.text.st_word)
    sum_sfn                                  0x080041e5   Thumb Code    36  ff.o(.text.sum_sfn)
    [Anonymous Symbol]                       0x080041e4   Section        0  ff.o(.text.sum_sfn)
    sync_fs                                  0x08004209   Thumb Code   148  ff.o(.text.sync_fs)
    [Anonymous Symbol]                       0x08004208   Section        0  ff.o(.text.sync_fs)
    sync_window                              0x0800429d   Thumb Code    90  ff.o(.text.sync_window)
    [Anonymous Symbol]                       0x0800429c   Section        0  ff.o(.text.sync_window)
    [Anonymous Symbol]                       0x080042f8   Section        0  flash.o(.text.vW25qx_writeSector)
    validate                                 0x08004319   Thumb Code    68  ff.o(.text.validate)
    [Anonymous Symbol]                       0x08004318   Section        0  ff.o(.text.validate)
    i.__0printf$1                            0x0800435c   Section        0  printf1.o(i.__0printf$1)
    i.__scatterload_copy                     0x0800437c   Section       14  handlers.o(i.__scatterload_copy)
    i.__scatterload_null                     0x0800438a   Section        2  handlers.o(i.__scatterload_null)
    i.__scatterload_zeroinit                 0x0800438c   Section       14  handlers.o(i.__scatterload_zeroinit)
    _printf_core                             0x0800439d   Thumb Code   336  printf1.o(i._printf_core)
    i._printf_core                           0x0800439c   Section        0  printf1.o(i._printf_core)
    i.puts                                   0x080044f0   Section        0  puts.o(i.puts)
    LfnOfs                                   0x0800452c   Data          13  ff.o(.rodata.LfnOfs)
    [Anonymous Symbol]                       0x0800452c   Section        0  ff.o(.rodata.LfnOfs)
    oem2uni                                  0x0800453a   Data       87172  cc936.o(.rodata.oem2uni)
    [Anonymous Symbol]                       0x0800453a   Section        0  cc936.o(.rodata.oem2uni)
    .L.str.8                                 0x080199be   Data          16  main.o(.rodata.str1.1)
    [Anonymous Symbol]                       0x080199be   Section        0  main.o(.rodata.str1.1)
    .L.str.5                                 0x080199ce   Data          12  main.o(.rodata.str1.1)
    .L.str.2                                 0x080199da   Data          20  ff.o(.rodata.str1.1)
    [Anonymous Symbol]                       0x080199da   Section        0  ff.o(.rodata.str1.1)
    f_mkfs.cst                               0x080199ee   Data          14  ff.o(.rodata.str2.2)
    [Anonymous Symbol]                       0x080199ee   Section        0  ff.o(.rodata.str2.2)
    f_mkfs.cst32                             0x080199fc   Data          14  ff.o(.rodata.str2.2)
    ff_wtoupper.cvt2                         0x08019a0a   Data         188  cc936.o(.rodata.str2.2)
    [Anonymous Symbol]                       0x08019a0a   Section        0  cc936.o(.rodata.str2.2)
    ff_wtoupper.cvt1                         0x08019ac6   Data         498  cc936.o(.rodata.str2.2)
    uni2oem                                  0x08019cb8   Data       87172  cc936.o(.rodata.uni2oem)
    [Anonymous Symbol]                       0x08019cb8   Section        0  cc936.o(.rodata.uni2oem)
    .data                                    0x20000000   Section        4  stdout.o(.data)
    Stat                                     0x20000004   Data           1  user_diskio.o(.data.Stat)
    [Anonymous Symbol]                       0x20000004   Section        0  user_diskio.o(.data.Stat)
    FatFs                                    0x20000028   Data           4  ff.o(.bss.FatFs)
    [Anonymous Symbol]                       0x20000028   Section        0  ff.o(.bss.FatFs)
    Files                                    0x2000002c   Data          32  ff.o(.bss.Files)
    [Anonymous Symbol]                       0x2000002c   Section        0  ff.o(.bss.Files)
    Fsid                                     0x2000004c   Data           2  ff.o(.bss.Fsid)
    [Anonymous Symbol]                       0x2000004c   Section        0  ff.o(.bss.Fsid)
    STACK                                    0x20001138   Section     4096  startup_stm32f407xx.o(STACK)

    Global Symbols

    Symbol Name                              Value     Ov Type        Size  Object(Section)

    BuildAttributes$$THM_ISAv4$E$P$D$K$B$S$7EM$VFPi3$EXTD16$VFPS$VFMA$PE$A:L22UL41UL21$X:L11$S22US41US21$IEEE1$IW$~IW$USESV6$~STKCKD$USESV7$~SHL$OTIME$ROPI$EBA8$MICROLIB$REQ8$PRES8$EABIv2 0x00000000   Number         0  anon$$obj.o ABSOLUTE
    _printf_a                                0x00000000   Number         0  printfstubs.o ABSOLUTE
    _printf_c                                0x00000000   Number         0  printfstubs.o ABSOLUTE
    _printf_charcount                        0x00000000   Number         0  printfstubs.o ABSOLUTE
    _printf_d                                0x00000000   Number         0  printfstubs.o ABSOLUTE
    _printf_e                                0x00000000   Number         0  printfstubs.o ABSOLUTE
    _printf_f                                0x00000000   Number         0  printfstubs.o ABSOLUTE
    _printf_flags                            0x00000000   Number         0  printfstubs.o ABSOLUTE
    _printf_fp_dec                           0x00000000   Number         0  printfstubs.o ABSOLUTE
    _printf_fp_hex                           0x00000000   Number         0  printfstubs.o ABSOLUTE
    _printf_g                                0x00000000   Number         0  printfstubs.o ABSOLUTE
    _printf_i                                0x00000000   Number         0  printfstubs.o ABSOLUTE
    _printf_int_dec                          0x00000000   Number         0  printfstubs.o ABSOLUTE
    _printf_l                                0x00000000   Number         0  printfstubs.o ABSOLUTE
    _printf_lc                               0x00000000   Number         0  printfstubs.o ABSOLUTE
    _printf_ll                               0x00000000   Number         0  printfstubs.o ABSOLUTE
    _printf_lld                              0x00000000   Number         0  printfstubs.o ABSOLUTE
    _printf_lli                              0x00000000   Number         0  printfstubs.o ABSOLUTE
    _printf_llo                              0x00000000   Number         0  printfstubs.o ABSOLUTE
    _printf_llu                              0x00000000   Number         0  printfstubs.o ABSOLUTE
    _printf_llx                              0x00000000   Number         0  printfstubs.o ABSOLUTE
    _printf_longlong_dec                     0x00000000   Number         0  printfstubs.o ABSOLUTE
    _printf_longlong_hex                     0x00000000   Number         0  printfstubs.o ABSOLUTE
    _printf_longlong_oct                     0x00000000   Number         0  printfstubs.o ABSOLUTE
    _printf_ls                               0x00000000   Number         0  printfstubs.o ABSOLUTE
    _printf_mbtowc                           0x00000000   Number         0  printfstubs.o ABSOLUTE
    _printf_n                                0x00000000   Number         0  printfstubs.o ABSOLUTE
    _printf_o                                0x00000000   Number         0  printfstubs.o ABSOLUTE
    _printf_p                                0x00000000   Number         0  printfstubs.o ABSOLUTE
    _printf_percent                          0x00000000   Number         0  printfstubs.o ABSOLUTE
    _printf_pre_padding                      0x00000000   Number         0  printfstubs.o ABSOLUTE
    _printf_return_value                     0x00000000   Number         0  printfstubs.o ABSOLUTE
    _printf_s                                0x00000000   Number         0  printfstubs.o ABSOLUTE
    _printf_sizespec                         0x00000000   Number         0  printfstubs.o ABSOLUTE
    _printf_str                              0x00000000   Number         0  printfstubs.o ABSOLUTE
    _printf_truncate_signed                  0x00000000   Number         0  printfstubs.o ABSOLUTE
    _printf_truncate_unsigned                0x00000000   Number         0  printfstubs.o ABSOLUTE
    _printf_u                                0x00000000   Number         0  printfstubs.o ABSOLUTE
    _printf_wc                               0x00000000   Number         0  printfstubs.o ABSOLUTE
    _printf_wctomb                           0x00000000   Number         0  printfstubs.o ABSOLUTE
    _printf_widthprec                        0x00000000   Number         0  printfstubs.o ABSOLUTE
    _printf_x                                0x00000000   Number         0  printfstubs.o ABSOLUTE
    __cpp_initialize__aeabi_                  - Undefined Weak Reference
    __cxa_finalize                            - Undefined Weak Reference
    __decompress                              - Undefined Weak Reference
    _clock_init                               - Undefined Weak Reference
    _microlib_exit                            - Undefined Weak Reference
    __Vectors_Size                           0x00000188   Number         0  startup_stm32f407xx.o ABSOLUTE
    __Vectors                                0x08000000   Data           4  startup_stm32f407xx.o(RESET)
    __Vectors_End                            0x08000188   Data           0  startup_stm32f407xx.o(RESET)
    __main                                   0x08000189   Thumb Code     0  entry.o(.ARM.Collect$$$$00000000)
    _main_stk                                0x08000189   Thumb Code     0  entry2.o(.ARM.Collect$$$$00000001)
    _main_scatterload                        0x0800018d   Thumb Code     0  entry5.o(.ARM.Collect$$$$00000004)
    __main_after_scatterload                 0x08000191   Thumb Code     0  entry5.o(.ARM.Collect$$$$00000004)
    _main_clock                              0x08000191   Thumb Code     0  entry7b.o(.ARM.Collect$$$$00000008)
    _main_cpp_init                           0x08000191   Thumb Code     0  entry8b.o(.ARM.Collect$$$$0000000A)
    _main_init                               0x08000191   Thumb Code     0  entry9a.o(.ARM.Collect$$$$0000000B)
    __rt_final_cpp                           0x08000199   Thumb Code     0  entry10a.o(.ARM.Collect$$$$0000000D)
    __rt_final_exit                          0x08000199   Thumb Code     0  entry11a.o(.ARM.Collect$$$$0000000F)
    Reset_Handler                            0x0800019d   Thumb Code     8  startup_stm32f407xx.o(.text)
    ADC_IRQHandler                           0x080001b7   Thumb Code     0  startup_stm32f407xx.o(.text)
    CAN1_RX0_IRQHandler                      0x080001b7   Thumb Code     0  startup_stm32f407xx.o(.text)
    CAN1_RX1_IRQHandler                      0x080001b7   Thumb Code     0  startup_stm32f407xx.o(.text)
    CAN1_SCE_IRQHandler                      0x080001b7   Thumb Code     0  startup_stm32f407xx.o(.text)
    CAN1_TX_IRQHandler                       0x080001b7   Thumb Code     0  startup_stm32f407xx.o(.text)
    CAN2_RX0_IRQHandler                      0x080001b7   Thumb Code     0  startup_stm32f407xx.o(.text)
    CAN2_RX1_IRQHandler                      0x080001b7   Thumb Code     0  startup_stm32f407xx.o(.text)
    CAN2_SCE_IRQHandler                      0x080001b7   Thumb Code     0  startup_stm32f407xx.o(.text)
    CAN2_TX_IRQHandler                       0x080001b7   Thumb Code     0  startup_stm32f407xx.o(.text)
    DCMI_IRQHandler                          0x080001b7   Thumb Code     0  startup_stm32f407xx.o(.text)
    DMA1_Stream0_IRQHandler                  0x080001b7   Thumb Code     0  startup_stm32f407xx.o(.text)
    DMA1_Stream1_IRQHandler                  0x080001b7   Thumb Code     0  startup_stm32f407xx.o(.text)
    DMA1_Stream2_IRQHandler                  0x080001b7   Thumb Code     0  startup_stm32f407xx.o(.text)
    DMA1_Stream3_IRQHandler                  0x080001b7   Thumb Code     0  startup_stm32f407xx.o(.text)
    DMA1_Stream4_IRQHandler                  0x080001b7   Thumb Code     0  startup_stm32f407xx.o(.text)
    DMA1_Stream5_IRQHandler                  0x080001b7   Thumb Code     0  startup_stm32f407xx.o(.text)
    DMA1_Stream6_IRQHandler                  0x080001b7   Thumb Code     0  startup_stm32f407xx.o(.text)
    DMA1_Stream7_IRQHandler                  0x080001b7   Thumb Code     0  startup_stm32f407xx.o(.text)
    DMA2_Stream0_IRQHandler                  0x080001b7   Thumb Code     0  startup_stm32f407xx.o(.text)
    DMA2_Stream1_IRQHandler                  0x080001b7   Thumb Code     0  startup_stm32f407xx.o(.text)
    DMA2_Stream2_IRQHandler                  0x080001b7   Thumb Code     0  startup_stm32f407xx.o(.text)
    DMA2_Stream3_IRQHandler                  0x080001b7   Thumb Code     0  startup_stm32f407xx.o(.text)
    DMA2_Stream4_IRQHandler                  0x080001b7   Thumb Code     0  startup_stm32f407xx.o(.text)
    DMA2_Stream5_IRQHandler                  0x080001b7   Thumb Code     0  startup_stm32f407xx.o(.text)
    DMA2_Stream6_IRQHandler                  0x080001b7   Thumb Code     0  startup_stm32f407xx.o(.text)
    DMA2_Stream7_IRQHandler                  0x080001b7   Thumb Code     0  startup_stm32f407xx.o(.text)
    ETH_IRQHandler                           0x080001b7   Thumb Code     0  startup_stm32f407xx.o(.text)
    ETH_WKUP_IRQHandler                      0x080001b7   Thumb Code     0  startup_stm32f407xx.o(.text)
    EXTI0_IRQHandler                         0x080001b7   Thumb Code     0  startup_stm32f407xx.o(.text)
    EXTI15_10_IRQHandler                     0x080001b7   Thumb Code     0  startup_stm32f407xx.o(.text)
    EXTI1_IRQHandler                         0x080001b7   Thumb Code     0  startup_stm32f407xx.o(.text)
    EXTI2_IRQHandler                         0x080001b7   Thumb Code     0  startup_stm32f407xx.o(.text)
    EXTI3_IRQHandler                         0x080001b7   Thumb Code     0  startup_stm32f407xx.o(.text)
    EXTI4_IRQHandler                         0x080001b7   Thumb Code     0  startup_stm32f407xx.o(.text)
    EXTI9_5_IRQHandler                       0x080001b7   Thumb Code     0  startup_stm32f407xx.o(.text)
    FLASH_IRQHandler                         0x080001b7   Thumb Code     0  startup_stm32f407xx.o(.text)
    FMC_IRQHandler                           0x080001b7   Thumb Code     0  startup_stm32f407xx.o(.text)
    FPU_IRQHandler                           0x080001b7   Thumb Code     0  startup_stm32f407xx.o(.text)
    HASH_RNG_IRQHandler                      0x080001b7   Thumb Code     0  startup_stm32f407xx.o(.text)
    I2C1_ER_IRQHandler                       0x080001b7   Thumb Code     0  startup_stm32f407xx.o(.text)
    I2C1_EV_IRQHandler                       0x080001b7   Thumb Code     0  startup_stm32f407xx.o(.text)
    I2C2_ER_IRQHandler                       0x080001b7   Thumb Code     0  startup_stm32f407xx.o(.text)
    I2C2_EV_IRQHandler                       0x080001b7   Thumb Code     0  startup_stm32f407xx.o(.text)
    I2C3_ER_IRQHandler                       0x080001b7   Thumb Code     0  startup_stm32f407xx.o(.text)
    I2C3_EV_IRQHandler                       0x080001b7   Thumb Code     0  startup_stm32f407xx.o(.text)
    OTG_FS_IRQHandler                        0x080001b7   Thumb Code     0  startup_stm32f407xx.o(.text)
    OTG_FS_WKUP_IRQHandler                   0x080001b7   Thumb Code     0  startup_stm32f407xx.o(.text)
    OTG_HS_EP1_IN_IRQHandler                 0x080001b7   Thumb Code     0  startup_stm32f407xx.o(.text)
    OTG_HS_EP1_OUT_IRQHandler                0x080001b7   Thumb Code     0  startup_stm32f407xx.o(.text)
    OTG_HS_IRQHandler                        0x080001b7   Thumb Code     0  startup_stm32f407xx.o(.text)
    OTG_HS_WKUP_IRQHandler                   0x080001b7   Thumb Code     0  startup_stm32f407xx.o(.text)
    PVD_IRQHandler                           0x080001b7   Thumb Code     0  startup_stm32f407xx.o(.text)
    RCC_IRQHandler                           0x080001b7   Thumb Code     0  startup_stm32f407xx.o(.text)
    RTC_Alarm_IRQHandler                     0x080001b7   Thumb Code     0  startup_stm32f407xx.o(.text)
    RTC_WKUP_IRQHandler                      0x080001b7   Thumb Code     0  startup_stm32f407xx.o(.text)
    SDIO_IRQHandler                          0x080001b7   Thumb Code     0  startup_stm32f407xx.o(.text)
    SPI1_IRQHandler                          0x080001b7   Thumb Code     0  startup_stm32f407xx.o(.text)
    SPI2_IRQHandler                          0x080001b7   Thumb Code     0  startup_stm32f407xx.o(.text)
    SPI3_IRQHandler                          0x080001b7   Thumb Code     0  startup_stm32f407xx.o(.text)
    TAMP_STAMP_IRQHandler                    0x080001b7   Thumb Code     0  startup_stm32f407xx.o(.text)
    TIM1_BRK_TIM9_IRQHandler                 0x080001b7   Thumb Code     0  startup_stm32f407xx.o(.text)
    TIM1_CC_IRQHandler                       0x080001b7   Thumb Code     0  startup_stm32f407xx.o(.text)
    TIM1_TRG_COM_TIM11_IRQHandler            0x080001b7   Thumb Code     0  startup_stm32f407xx.o(.text)
    TIM1_UP_TIM10_IRQHandler                 0x080001b7   Thumb Code     0  startup_stm32f407xx.o(.text)
    TIM2_IRQHandler                          0x080001b7   Thumb Code     0  startup_stm32f407xx.o(.text)
    TIM3_IRQHandler                          0x080001b7   Thumb Code     0  startup_stm32f407xx.o(.text)
    TIM4_IRQHandler                          0x080001b7   Thumb Code     0  startup_stm32f407xx.o(.text)
    TIM5_IRQHandler                          0x080001b7   Thumb Code     0  startup_stm32f407xx.o(.text)
    TIM6_DAC_IRQHandler                      0x080001b7   Thumb Code     0  startup_stm32f407xx.o(.text)
    TIM7_IRQHandler                          0x080001b7   Thumb Code     0  startup_stm32f407xx.o(.text)
    TIM8_BRK_TIM12_IRQHandler                0x080001b7   Thumb Code     0  startup_stm32f407xx.o(.text)
    TIM8_CC_IRQHandler                       0x080001b7   Thumb Code     0  startup_stm32f407xx.o(.text)
    TIM8_TRG_COM_TIM14_IRQHandler            0x080001b7   Thumb Code     0  startup_stm32f407xx.o(.text)
    TIM8_UP_TIM13_IRQHandler                 0x080001b7   Thumb Code     0  startup_stm32f407xx.o(.text)
    UART4_IRQHandler                         0x080001b7   Thumb Code     0  startup_stm32f407xx.o(.text)
    UART5_IRQHandler                         0x080001b7   Thumb Code     0  startup_stm32f407xx.o(.text)
    USART1_IRQHandler                        0x080001b7   Thumb Code     0  startup_stm32f407xx.o(.text)
    USART2_IRQHandler                        0x080001b7   Thumb Code     0  startup_stm32f407xx.o(.text)
    USART3_IRQHandler                        0x080001b7   Thumb Code     0  startup_stm32f407xx.o(.text)
    USART6_IRQHandler                        0x080001b7   Thumb Code     0  startup_stm32f407xx.o(.text)
    WWDG_IRQHandler                          0x080001b7   Thumb Code     0  startup_stm32f407xx.o(.text)
    __aeabi_uldivmod                         0x080001c1   Thumb Code    98  uldiv.o(.text)
    __aeabi_memset                           0x08000223   Thumb Code    14  memseta.o(.text)
    __aeabi_memset4                          0x08000223   Thumb Code     0  memseta.o(.text)
    __aeabi_memset8                          0x08000223   Thumb Code     0  memseta.o(.text)
    __aeabi_memclr                           0x08000231   Thumb Code     4  memseta.o(.text)
    __aeabi_memclr4                          0x08000231   Thumb Code     0  memseta.o(.text)
    __aeabi_memclr8                          0x08000231   Thumb Code     0  memseta.o(.text)
    _memset$wrapper                          0x08000235   Thumb Code    18  memseta.o(.text)
    __aeabi_uidiv                            0x08000247   Thumb Code     0  uidiv.o(.text)
    __aeabi_uidivmod                         0x08000247   Thumb Code    44  uidiv.o(.text)
    __aeabi_llsl                             0x08000273   Thumb Code    30  llshl.o(.text)
    _ll_shift_l                              0x08000273   Thumb Code     0  llshl.o(.text)
    __aeabi_llsr                             0x08000291   Thumb Code    32  llushr.o(.text)
    _ll_ushift_r                             0x08000291   Thumb Code     0  llushr.o(.text)
    __scatterload                            0x080002b1   Thumb Code    28  init.o(.text)
    __scatterload_rt2                        0x080002b1   Thumb Code     0  init.o(.text)
    BusFault_Handler                         0x080002d5   Thumb Code     2  stm32f4xx_it.o(.text.BusFault_Handler)
    DebugMon_Handler                         0x080002d9   Thumb Code     2  stm32f4xx_it.o(.text.DebugMon_Handler)
    Error_Handler                            0x080002dd   Thumb Code     2  main.o(.text.Error_Handler)
    FATFS_LinkDriver                         0x080002e1   Thumb Code    10  ff_gen_drv.o(.text.FATFS_LinkDriver)
    FATFS_LinkDriverEx                       0x080002ed   Thumb Code    80  ff_gen_drv.o(.text.FATFS_LinkDriverEx)
    HAL_GPIO_Init                            0x0800033d   Thumb Code   404  stm32f4xx_hal_gpio.o(.text.HAL_GPIO_Init)
    HAL_GPIO_WritePin                        0x080004d1   Thumb Code    10  stm32f4xx_hal_gpio.o(.text.HAL_GPIO_WritePin)
    HAL_GetTick                              0x080004dd   Thumb Code    12  stm32f4xx_hal.o(.text.HAL_GetTick)
    HAL_IncTick                              0x080004e9   Thumb Code    26  stm32f4xx_hal.o(.text.HAL_IncTick)
    HAL_Init                                 0x08000505   Thumb Code    54  stm32f4xx_hal.o(.text.HAL_Init)
    HAL_InitTick                             0x0800053d   Thumb Code    80  stm32f4xx_hal.o(.text.HAL_InitTick)
    HAL_MspInit                              0x0800058d   Thumb Code    56  stm32f4xx_hal_msp.o(.text.HAL_MspInit)
    HAL_NVIC_SetPriority                     0x080005c5   Thumb Code    30  stm32f4xx_hal_cortex.o(.text.HAL_NVIC_SetPriority)
    HAL_NVIC_SetPriorityGrouping             0x080005e5   Thumb Code     8  stm32f4xx_hal_cortex.o(.text.HAL_NVIC_SetPriorityGrouping)
    HAL_RCC_ClockConfig                      0x080005ed   Thumb Code   352  stm32f4xx_hal_rcc.o(.text.HAL_RCC_ClockConfig)
    HAL_RCC_GetHCLKFreq                      0x0800074d   Thumb Code    12  stm32f4xx_hal_rcc.o(.text.HAL_RCC_GetHCLKFreq)
    HAL_RCC_GetPCLK1Freq                     0x08000759   Thumb Code    34  stm32f4xx_hal_rcc.o(.text.HAL_RCC_GetPCLK1Freq)
    HAL_RCC_GetPCLK2Freq                     0x0800077d   Thumb Code    34  stm32f4xx_hal_rcc.o(.text.HAL_RCC_GetPCLK2Freq)
    HAL_RCC_GetSysClockFreq                  0x080007a1   Thumb Code   106  stm32f4xx_hal_rcc.o(.text.HAL_RCC_GetSysClockFreq)
    HAL_RCC_OscConfig                        0x0800080d   Thumb Code   820  stm32f4xx_hal_rcc.o(.text.HAL_RCC_OscConfig)
    HAL_SPI_Init                             0x08000b41   Thumb Code   116  stm32f4xx_hal_spi.o(.text.HAL_SPI_Init)
    HAL_SPI_MspInit                          0x08000bb5   Thumb Code   114  spi.o(.text.HAL_SPI_MspInit)
    HAL_SPI_Receive                          0x08000c29   Thumb Code   326  stm32f4xx_hal_spi.o(.text.HAL_SPI_Receive)
    HAL_SPI_Transmit                         0x08000d71   Thumb Code   372  stm32f4xx_hal_spi.o(.text.HAL_SPI_Transmit)
    HAL_SPI_TransmitReceive                  0x08000ee5   Thumb Code   482  stm32f4xx_hal_spi.o(.text.HAL_SPI_TransmitReceive)
    HAL_SYSTICK_Config                       0x080010c9   Thumb Code     8  stm32f4xx_hal_cortex.o(.text.HAL_SYSTICK_Config)
    HAL_UART_Init                            0x080010d1   Thumb Code    94  stm32f4xx_hal_uart.o(.text.HAL_UART_Init)
    HAL_UART_MspInit                         0x08001131   Thumb Code   116  usart.o(.text.HAL_UART_MspInit)
    HardFault_Handler                        0x080011a5   Thumb Code     2  stm32f4xx_it.o(.text.HardFault_Handler)
    MX_FATFS_Init                            0x080011a9   Thumb Code    34  fatfs.o(.text.MX_FATFS_Init)
    MX_GPIO_Init                             0x080011cd   Thumb Code   148  gpio.o(.text.MX_GPIO_Init)
    MX_SPI1_Init                             0x08001261   Thumb Code    66  spi.o(.text.MX_SPI1_Init)
    MX_USART1_UART_Init                      0x080012a5   Thumb Code    56  usart.o(.text.MX_USART1_UART_Init)
    MemManage_Handler                        0x080012dd   Thumb Code     2  stm32f4xx_it.o(.text.MemManage_Handler)
    NMI_Handler                              0x080012e1   Thumb Code     2  stm32f4xx_it.o(.text.NMI_Handler)
    PendSV_Handler                           0x08001311   Thumb Code     2  stm32f4xx_it.o(.text.PendSV_Handler)
    SVC_Handler                              0x080014ad   Thumb Code     2  stm32f4xx_it.o(.text.SVC_Handler)
    SysTick_Handler                          0x080014e1   Thumb Code     8  stm32f4xx_it.o(.text.SysTick_Handler)
    SystemClock_Config                       0x080014e9   Thumb Code   152  main.o(.text.SystemClock_Config)
    SystemInit                               0x08001581   Thumb Code    26  system_stm32f4xx.o(.text.SystemInit)
    USER_initialize                          0x08001709   Thumb Code    16  user_diskio.o(.text.USER_initialize)
    USER_ioctl                               0x08001719   Thumb Code    42  user_diskio.o(.text.USER_ioctl)
    USER_read                                0x08001745   Thumb Code    38  user_diskio.o(.text.USER_read)
    USER_status                              0x0800176d   Thumb Code    16  user_diskio.o(.text.USER_status)
    USER_write                               0x0800177d   Thumb Code    36  user_diskio.o(.text.USER_write)
    UsageFault_Handler                       0x080017a1   Thumb Code     2  stm32f4xx_it.o(.text.UsageFault_Handler)
    W25QXX_Page_Program                      0x080017a5   Thumb Code    88  flash.o(.text.W25QXX_Page_Program)
    W25QXX_Read                              0x080017fd   Thumb Code    98  flash.o(.text.W25QXX_Read)
    W25QXX_Write_Enable                      0x080018cd   Thumb Code    58  flash.o(.text.W25QXX_Write_Enable)
    create_file                              0x08001c3d   Thumb Code   168  main.o(.text.create_file)
    disk_initialize                          0x08002429   Thumb Code    40  diskio.o(.text.disk_initialize)
    disk_ioctl                               0x08002451   Thumb Code    26  diskio.o(.text.disk_ioctl)
    disk_read                                0x0800246d   Thumb Code    30  diskio.o(.text.disk_read)
    disk_status                              0x0800248d   Thumb Code    26  diskio.o(.text.disk_status)
    disk_write                               0x080024a9   Thumb Code    30  diskio.o(.text.disk_write)
    f_close                                  0x080024ed   Thumb Code    46  ff.o(.text.f_close)
    f_getfree                                0x0800251d   Thumb Code   238  ff.o(.text.f_getfree)
    f_mkfs                                   0x0800260d   Thumb Code  1596  ff.o(.text.f_mkfs)
    f_mount                                  0x08002c49   Thumb Code   100  ff.o(.text.f_mount)
    f_open                                   0x08002cad   Thumb Code   628  ff.o(.text.f_open)
    f_printf                                 0x08002f21   Thumb Code   610  ff.o(.text.f_printf)
    f_read                                   0x08003185   Thumb Code   384  ff.o(.text.f_read)
    f_sync                                   0x08003305   Thumb Code   152  ff.o(.text.f_sync)
    f_write                                  0x0800339d   Thumb Code   430  ff.o(.text.f_write)
    ff_convert                               0x0800354d   Thumb Code   120  cc936.o(.text.ff_convert)
    ff_wtoupper                              0x080035c5   Thumb Code   180  cc936.o(.text.ff_wtoupper)
    format_disk                              0x080039b9   Thumb Code   108  main.o(.text.format_disk)
    fputc                                    0x08003a25   Thumb Code    20  usart.o(.text.fputc)
    get_disk_info                            0x08003aed   Thumb Code   160  main.o(.text.get_disk_info)
    get_fattime                              0x08003c4d   Thumb Code     4  fatfs.o(.text.get_fattime)
    main                                     0x08003d71   Thumb Code    46  main.o(.text.main)
    mount_disk                               0x08003df5   Thumb Code    68  main.o(.text.mount_disk)
    read_file                                0x0800409d   Thumb Code   140  main.o(.text.read_file)
    vW25qx_writeSector                       0x080042f9   Thumb Code    30  flash.o(.text.vW25qx_writeSector)
    __0printf$1                              0x0800435d   Thumb Code    22  printf1.o(i.__0printf$1)
    __1printf$1                              0x0800435d   Thumb Code     0  printf1.o(i.__0printf$1)
    __2printf                                0x0800435d   Thumb Code     0  printf1.o(i.__0printf$1)
    __scatterload_copy                       0x0800437d   Thumb Code    14  handlers.o(i.__scatterload_copy)
    __scatterload_null                       0x0800438b   Thumb Code     2  handlers.o(i.__scatterload_null)
    __scatterload_zeroinit                   0x0800438d   Thumb Code    14  handlers.o(i.__scatterload_zeroinit)
    puts                                     0x080044f1   Thumb Code    30  puts.o(i.puts)
    AHBPrescTable                            0x08004514   Data          16  system_stm32f4xx.o(.rodata.AHBPrescTable)
    APBPrescTable                            0x08004524   Data           8  system_stm32f4xx.o(.rodata.APBPrescTable)
    Region$$Table$$Base                      0x0802f13c   Number         0  anon$$obj.o(Region$$Table)
    Region$$Table$$Limit                     0x0802f15c   Number         0  anon$$obj.o(Region$$Table)
    __stdout                                 0x20000000   Data           4  stdout.o(.data)
    SystemCoreClock                          0x20000008   Data           4  system_stm32f4xx.o(.data.SystemCoreClock)
    USER_Driver                              0x2000000c   Data          20  user_diskio.o(.data.USER_Driver)
    uwTickFreq                               0x20000020   Data           1  stm32f4xx_hal.o(.data.uwTickFreq)
    uwTickPrio                               0x20000024   Data           4  stm32f4xx_hal.o(.data.uwTickPrio)
    USERPath                                 0x2000004e   Data           4  fatfs.o(.bss.USERPath)
    disk                                     0x20000054   Data          12  ff_gen_drv.o(.bss.disk)
    fs                                       0x20000060   Data        4148  main.o(.bss.fs)
    hspi1                                    0x20001094   Data          88  spi.o(.bss.hspi1)
    huart1                                   0x200010ec   Data          64  usart.o(.bss.huart1)
    retUSER                                  0x2000112c   Data           1  fatfs.o(.bss.retUSER)
    uwTick                                   0x20001130   Data           4  stm32f4xx_hal.o(.bss.uwTick)
    __initial_sp                             0x20002138   Data           0  startup_stm32f407xx.o(STACK)



==============================================================================

Memory Map of the image

  Image Entry point : 0x08000189

  Load Region LR_IROM1 (Base: 0x08000000, Size: 0x0002f188, Max: 0x00100000, ABSOLUTE)

    Execution Region ER_IROM1 (Exec base: 0x08000000, Load base: 0x08000000, Size: 0x0002f15c, Max: 0x00100000, ABSOLUTE)

    Exec Addr    Load Addr    Size         Type   Attr      Idx    E Section Name        Object

    0x08000000   0x08000000   0x00000188   Data   RO            3    RESET               startup_stm32f407xx.o
    0x08000188   0x08000188   0x00000000   Code   RO         1078  * .ARM.Collect$$$$00000000  mc_w.l(entry.o)
    0x08000188   0x08000188   0x00000004   Code   RO         1350    .ARM.Collect$$$$00000001  mc_w.l(entry2.o)
    0x0800018c   0x0800018c   0x00000004   Code   RO         1353    .ARM.Collect$$$$00000004  mc_w.l(entry5.o)
    0x08000190   0x08000190   0x00000000   Code   RO         1355    .ARM.Collect$$$$00000008  mc_w.l(entry7b.o)
    0x08000190   0x08000190   0x00000000   Code   RO         1357    .ARM.Collect$$$$0000000A  mc_w.l(entry8b.o)
    0x08000190   0x08000190   0x00000008   Code   RO         1358    .ARM.Collect$$$$0000000B  mc_w.l(entry9a.o)
    0x08000198   0x08000198   0x00000000   Code   RO         1360    .ARM.Collect$$$$0000000D  mc_w.l(entry10a.o)
    0x08000198   0x08000198   0x00000000   Code   RO         1362    .ARM.Collect$$$$0000000F  mc_w.l(entry11a.o)
    0x08000198   0x08000198   0x00000004   Code   RO         1351    .ARM.Collect$$$$00002712  mc_w.l(entry2.o)
    0x0800019c   0x0800019c   0x00000024   Code   RO            4    .text               startup_stm32f407xx.o
    0x080001c0   0x080001c0   0x00000062   Code   RO         1085    .text               mc_w.l(uldiv.o)
    0x08000222   0x08000222   0x00000024   Code   RO         1087    .text               mc_w.l(memseta.o)
    0x08000246   0x08000246   0x0000002c   Code   RO         1365    .text               mc_w.l(uidiv.o)
    0x08000272   0x08000272   0x0000001e   Code   RO         1367    .text               mc_w.l(llshl.o)
    0x08000290   0x08000290   0x00000020   Code   RO         1369    .text               mc_w.l(llushr.o)
    0x080002b0   0x080002b0   0x00000024   Code   RO         1382    .text               mc_w.l(init.o)
    0x080002d4   0x080002d4   0x00000002   Code   RO           88    .text.BusFault_Handler  stm32f4xx_it.o
    0x080002d6   0x080002d6   0x00000002   PAD
    0x080002d8   0x080002d8   0x00000002   Code   RO           94    .text.DebugMon_Handler  stm32f4xx_it.o
    0x080002da   0x080002da   0x00000002   PAD
    0x080002dc   0x080002dc   0x00000002   Code   RO           25    .text.Error_Handler  main.o
    0x080002de   0x080002de   0x00000002   PAD
    0x080002e0   0x080002e0   0x0000000a   Code   RO         1046    .text.FATFS_LinkDriver  ff_gen_drv.o
    0x080002ea   0x080002ea   0x00000002   PAD
    0x080002ec   0x080002ec   0x00000050   Code   RO         1044    .text.FATFS_LinkDriverEx  ff_gen_drv.o
    0x0800033c   0x0800033c   0x00000194   Code   RO          320    .text.HAL_GPIO_Init  stm32f4xx_hal_gpio.o
    0x080004d0   0x080004d0   0x0000000a   Code   RO          326    .text.HAL_GPIO_WritePin  stm32f4xx_hal_gpio.o
    0x080004da   0x080004da   0x00000002   PAD
    0x080004dc   0x080004dc   0x0000000c   Code   RO          544    .text.HAL_GetTick   stm32f4xx_hal.o
    0x080004e8   0x080004e8   0x0000001a   Code   RO          542    .text.HAL_IncTick   stm32f4xx_hal.o
    0x08000502   0x08000502   0x00000002   PAD
    0x08000504   0x08000504   0x00000036   Code   RO          532    .text.HAL_Init      stm32f4xx_hal.o
    0x0800053a   0x0800053a   0x00000002   PAD
    0x0800053c   0x0800053c   0x00000050   Code   RO          534    .text.HAL_InitTick  stm32f4xx_hal.o
    0x0800058c   0x0800058c   0x00000038   Code   RO          107    .text.HAL_MspInit   stm32f4xx_hal_msp.o
    0x080005c4   0x080005c4   0x0000001e   Code   RO          464    .text.HAL_NVIC_SetPriority  stm32f4xx_hal_cortex.o
    0x080005e2   0x080005e2   0x00000002   PAD
    0x080005e4   0x080005e4   0x00000008   Code   RO          460    .text.HAL_NVIC_SetPriorityGrouping  stm32f4xx_hal_cortex.o
    0x080005ec   0x080005ec   0x00000160   Code   RO          184    .text.HAL_RCC_ClockConfig  stm32f4xx_hal_rcc.o
    0x0800074c   0x0800074c   0x0000000c   Code   RO          194    .text.HAL_RCC_GetHCLKFreq  stm32f4xx_hal_rcc.o
    0x08000758   0x08000758   0x00000022   Code   RO          196    .text.HAL_RCC_GetPCLK1Freq  stm32f4xx_hal_rcc.o
    0x0800077a   0x0800077a   0x00000002   PAD
    0x0800077c   0x0800077c   0x00000022   Code   RO          198    .text.HAL_RCC_GetPCLK2Freq  stm32f4xx_hal_rcc.o
    0x0800079e   0x0800079e   0x00000002   PAD
    0x080007a0   0x080007a0   0x0000006a   Code   RO          186    .text.HAL_RCC_GetSysClockFreq  stm32f4xx_hal_rcc.o
    0x0800080a   0x0800080a   0x00000002   PAD
    0x0800080c   0x0800080c   0x00000334   Code   RO          182    .text.HAL_RCC_OscConfig  stm32f4xx_hal_rcc.o
    0x08000b40   0x08000b40   0x00000074   Code   RO          623    .text.HAL_SPI_Init  stm32f4xx_hal_spi.o
    0x08000bb4   0x08000bb4   0x00000072   Code   RO           52    .text.HAL_SPI_MspInit  spi.o
    0x08000c26   0x08000c26   0x00000002   PAD
    0x08000c28   0x08000c28   0x00000146   Code   RO          635    .text.HAL_SPI_Receive  stm32f4xx_hal_spi.o
    0x08000d6e   0x08000d6e   0x00000002   PAD
    0x08000d70   0x08000d70   0x00000174   Code   RO          631    .text.HAL_SPI_Transmit  stm32f4xx_hal_spi.o
    0x08000ee4   0x08000ee4   0x000001e2   Code   RO          637    .text.HAL_SPI_TransmitReceive  stm32f4xx_hal_spi.o
    0x080010c6   0x080010c6   0x00000002   PAD
    0x080010c8   0x080010c8   0x00000008   Code   RO          484    .text.HAL_SYSTICK_Config  stm32f4xx_hal_cortex.o
    0x080010d0   0x080010d0   0x0000005e   Code   RO          743    .text.HAL_UART_Init  stm32f4xx_hal_uart.o
    0x0800112e   0x0800112e   0x00000002   PAD
    0x08001130   0x08001130   0x00000074   Code   RO           67    .text.HAL_UART_MspInit  usart.o
    0x080011a4   0x080011a4   0x00000002   Code   RO           84    .text.HardFault_Handler  stm32f4xx_it.o
    0x080011a6   0x080011a6   0x00000002   PAD
    0x080011a8   0x080011a8   0x00000022   Code   RO          165    .text.MX_FATFS_Init  fatfs.o
    0x080011ca   0x080011ca   0x00000002   PAD
    0x080011cc   0x080011cc   0x00000094   Code   RO           41    .text.MX_GPIO_Init  gpio.o
    0x08001260   0x08001260   0x00000042   Code   RO           50    .text.MX_SPI1_Init  spi.o
    0x080012a2   0x080012a2   0x00000002   PAD
    0x080012a4   0x080012a4   0x00000038   Code   RO           65    .text.MX_USART1_UART_Init  usart.o
    0x080012dc   0x080012dc   0x00000002   Code   RO           86    .text.MemManage_Handler  stm32f4xx_it.o
    0x080012de   0x080012de   0x00000002   PAD
    0x080012e0   0x080012e0   0x00000002   Code   RO           82    .text.NMI_Handler   stm32f4xx_it.o
    0x080012e2   0x080012e2   0x00000002   PAD
    0x080012e4   0x080012e4   0x0000002c   Code   RO          470    .text.NVIC_EncodePriority  stm32f4xx_hal_cortex.o
    0x08001310   0x08001310   0x00000002   Code   RO           96    .text.PendSV_Handler  stm32f4xx_it.o
    0x08001312   0x08001312   0x00000002   PAD
    0x08001314   0x08001314   0x00000070   Code   RO          639    .text.SPI_EndRxTransaction  stm32f4xx_hal_spi.o
    0x08001384   0x08001384   0x00000064   Code   RO          633    .text.SPI_EndRxTxTransaction  stm32f4xx_hal_spi.o
    0x080013e8   0x080013e8   0x00000016   Code   RO          119    .text.SPI_Receive   flash.o
    0x080013fe   0x080013fe   0x00000002   PAD
    0x08001400   0x08001400   0x00000016   Code   RO          117    .text.SPI_Transmit  flash.o
    0x08001416   0x08001416   0x00000002   PAD
    0x08001418   0x08001418   0x00000092   Code   RO          731    .text.SPI_WaitFlagStateUntilTimeout  stm32f4xx_hal_spi.o
    0x080014aa   0x080014aa   0x00000002   PAD
    0x080014ac   0x080014ac   0x00000002   Code   RO           92    .text.SVC_Handler   stm32f4xx_it.o
    0x080014ae   0x080014ae   0x00000002   PAD
    0x080014b0   0x080014b0   0x0000002e   Code   RO          486    .text.SysTick_Config  stm32f4xx_hal_cortex.o
    0x080014de   0x080014de   0x00000002   PAD
    0x080014e0   0x080014e0   0x00000008   Code   RO           98    .text.SysTick_Handler  stm32f4xx_it.o
    0x080014e8   0x080014e8   0x00000098   Code   RO           23    .text.SystemClock_Config  main.o
    0x08001580   0x08001580   0x0000001a   Code   RO          861    .text.SystemInit    system_stm32f4xx.o
    0x0800159a   0x0800159a   0x00000002   PAD
    0x0800159c   0x0800159c   0x0000016c   Code   RO          747    .text.UART_SetConfig  stm32f4xx_hal_uart.o
    0x08001708   0x08001708   0x00000010   Code   RO          145    .text.USER_initialize  user_diskio.o
    0x08001718   0x08001718   0x0000002a   Code   RO          153    .text.USER_ioctl    user_diskio.o
    0x08001742   0x08001742   0x00000002   PAD
    0x08001744   0x08001744   0x00000026   Code   RO          149    .text.USER_read     user_diskio.o
    0x0800176a   0x0800176a   0x00000002   PAD
    0x0800176c   0x0800176c   0x00000010   Code   RO          147    .text.USER_status   user_diskio.o
    0x0800177c   0x0800177c   0x00000024   Code   RO          151    .text.USER_write    user_diskio.o
    0x080017a0   0x080017a0   0x00000002   Code   RO           90    .text.UsageFault_Handler  stm32f4xx_it.o
    0x080017a2   0x080017a2   0x00000002   PAD
    0x080017a4   0x080017a4   0x00000058   Code   RO          131    .text.W25QXX_Page_Program  flash.o
    0x080017fc   0x080017fc   0x00000062   Code   RO          121    .text.W25QXX_Read   flash.o
    0x0800185e   0x0800185e   0x00000002   PAD
    0x08001860   0x08001860   0x0000005c   Code   RO          135    .text.W25QXX_ReadSR  flash.o
    0x080018bc   0x080018bc   0x0000000e   Code   RO          123    .text.W25QXX_Wait_Busy  flash.o
    0x080018ca   0x080018ca   0x00000002   PAD
    0x080018cc   0x080018cc   0x0000003a   Code   RO          125    .text.W25QXX_Write_Enable  flash.o
    0x08001906   0x08001906   0x00000002   PAD
    0x08001908   0x08001908   0x00000010   Code   RO          466    .text.__NVIC_GetPriorityGrouping  stm32f4xx_hal_cortex.o
    0x08001918   0x08001918   0x00000022   Code   RO          468    .text.__NVIC_SetPriority  stm32f4xx_hal_cortex.o
    0x0800193a   0x0800193a   0x00000002   PAD
    0x0800193c   0x0800193c   0x00000020   Code   RO          462    .text.__NVIC_SetPriorityGrouping  stm32f4xx_hal_cortex.o
    0x0800195c   0x0800195c   0x00000074   Code   RO         1006    .text.check_fs      ff.o
    0x080019d0   0x080019d0   0x00000012   Code   RO         1012    .text.chk_chr       ff.o
    0x080019e2   0x080019e2   0x00000002   PAD
    0x080019e4   0x080019e4   0x00000080   Code   RO          908    .text.chk_lock      ff.o
    0x08001a64   0x08001a64   0x00000024   Code   RO          900    .text.clear_lock    ff.o
    0x08001a88   0x08001a88   0x00000038   Code   RO          938    .text.clmt_clust    ff.o
    0x08001ac0   0x08001ac0   0x00000018   Code   RO          932    .text.clust2sect    ff.o
    0x08001ad8   0x08001ad8   0x0000009a   Code   RO         1014    .text.cmp_lfn       ff.o
    0x08001b72   0x08001b72   0x00000002   PAD
    0x08001b74   0x08001b74   0x000000c8   Code   RO          944    .text.create_chain  ff.o
    0x08001c3c   0x08001c3c   0x000000a8   Code   RO           15    .text.create_file   main.o
    0x08001ce4   0x08001ce4   0x000002bc   Code   RO         1008    .text.create_name   ff.o
    0x08001fa0   0x08001fa0   0x00000038   Code   RO          954    .text.dec_lock      ff.o
    0x08001fd8   0x08001fd8   0x0000004e   Code   RO         1022    .text.dir_alloc     ff.o
    0x08002026   0x08002026   0x00000002   PAD
    0x08002028   0x08002028   0x000000dc   Code   RO         1010    .text.dir_find      ff.o
    0x08002104   0x08002104   0x00000132   Code   RO          970    .text.dir_next      ff.o
    0x08002236   0x08002236   0x00000002   PAD
    0x08002238   0x08002238   0x0000014c   Code   RO          912    .text.dir_register  ff.o
    0x08002384   0x08002384   0x000000a4   Code   RO          960    .text.dir_sdi       ff.o
    0x08002428   0x08002428   0x00000028   Code   RO          878    .text.disk_initialize  diskio.o
    0x08002450   0x08002450   0x0000001a   Code   RO          884    .text.disk_ioctl    diskio.o
    0x0800246a   0x0800246a   0x00000002   PAD
    0x0800246c   0x0800246c   0x0000001e   Code   RO          880    .text.disk_read     diskio.o
    0x0800248a   0x0800248a   0x00000002   PAD
    0x0800248c   0x0800248c   0x0000001a   Code   RO          876    .text.disk_status   diskio.o
    0x080024a6   0x080024a6   0x00000002   PAD
    0x080024a8   0x080024a8   0x0000001e   Code   RO          882    .text.disk_write    diskio.o
    0x080024c6   0x080024c6   0x00000002   PAD
    0x080024c8   0x080024c8   0x00000024   Code   RO          910    .text.enq_lock      ff.o
    0x080024ec   0x080024ec   0x0000002e   Code   RO          952    .text.f_close       ff.o
    0x0800251a   0x0800251a   0x00000002   PAD
    0x0800251c   0x0800251c   0x000000ee   Code   RO          974    .text.f_getfree     ff.o
    0x0800260a   0x0800260a   0x00000002   PAD
    0x0800260c   0x0800260c   0x0000063c   Code   RO          990    .text.f_mkfs        ff.o
    0x08002c48   0x08002c48   0x00000064   Code   RO          896    .text.f_mount       ff.o
    0x08002cac   0x08002cac   0x00000274   Code   RO          904    .text.f_open        ff.o
    0x08002f20   0x08002f20   0x00000262   Code   RO         1004    .text.f_printf      ff.o
    0x08003182   0x08003182   0x00000002   PAD
    0x08003184   0x08003184   0x00000180   Code   RO          934    .text.f_read        ff.o
    0x08003304   0x08003304   0x00000098   Code   RO          946    .text.f_sync        ff.o
    0x0800339c   0x0800339c   0x000001ae   Code   RO          942    .text.f_write       ff.o
    0x0800354a   0x0800354a   0x00000002   PAD
    0x0800354c   0x0800354c   0x00000078   Code   RO         1064    .text.ff_convert    cc936.o
    0x080035c4   0x080035c4   0x000000b4   Code   RO         1066    .text.ff_wtoupper   cc936.o
    0x08003678   0x08003678   0x000002ac   Code   RO          902    .text.find_volume   ff.o
    0x08003924   0x08003924   0x00000094   Code   RO          906    .text.follow_path   ff.o
    0x080039b8   0x080039b8   0x0000006c   Code   RO           13    .text.format_disk   main.o
    0x08003a24   0x08003a24   0x00000014   Code   RO           71    .text.fputc         usart.o
    0x08003a38   0x08003a38   0x000000b2   Code   RO         1020    .text.gen_numname   ff.o
    0x08003aea   0x08003aea   0x00000002   PAD
    0x08003aec   0x08003aec   0x000000a0   Code   RO           17    .text.get_disk_info  main.o
    0x08003b8c   0x08003b8c   0x000000c0   Code   RO          930    .text.get_fat       ff.o
    0x08003c4c   0x08003c4c   0x00000004   Code   RO          167    .text.get_fattime   fatfs.o
    0x08003c50   0x08003c50   0x0000004c   Code   RO          898    .text.get_ldnumber  ff.o
    0x08003c9c   0x08003c9c   0x000000a2   Code   RO          924    .text.inc_lock      ff.o
    0x08003d3e   0x08003d3e   0x00000002   PAD
    0x08003d40   0x08003d40   0x00000026   Code   RO          916    .text.ld_clust      ff.o
    0x08003d66   0x08003d66   0x00000002   PAD
    0x08003d68   0x08003d68   0x00000004   Code   RO          926    .text.ld_dword      ff.o
    0x08003d6c   0x08003d6c   0x00000004   Code   RO          976    .text.ld_word       ff.o
    0x08003d70   0x08003d70   0x0000002e   Code   RO           21    .text.main          main.o
    0x08003d9e   0x08003d9e   0x00000002   PAD
    0x08003da0   0x08003da0   0x00000028   Code   RO         1018    .text.mem_cmp       ff.o
    0x08003dc8   0x08003dc8   0x0000001a   Code   RO          940    .text.mem_cpy       ff.o
    0x08003de2   0x08003de2   0x00000002   PAD
    0x08003de4   0x08003de4   0x0000000e   Code   RO          928    .text.mem_set       ff.o
    0x08003df2   0x08003df2   0x00000002   PAD
    0x08003df4   0x08003df4   0x00000044   Code   RO           11    .text.mount_disk    main.o
    0x08003e38   0x08003e38   0x0000003e   Code   RO          922    .text.move_window   ff.o
    0x08003e76   0x08003e76   0x00000002   PAD
    0x08003e78   0x08003e78   0x00000110   Code   RO         1026    .text.put_fat       ff.o
    0x08003f88   0x08003f88   0x0000008e   Code   RO         1024    .text.put_lfn       ff.o
    0x08004016   0x08004016   0x00000002   PAD
    0x08004018   0x08004018   0x00000048   Code   RO          998    .text.putc_bfd      ff.o
    0x08004060   0x08004060   0x00000030   Code   RO         1000    .text.putc_flush    ff.o
    0x08004090   0x08004090   0x0000000a   Code   RO          996    .text.putc_init     ff.o
    0x0800409a   0x0800409a   0x00000002   PAD
    0x0800409c   0x0800409c   0x0000008c   Code   RO           19    .text.read_file     main.o
    0x08004128   0x08004128   0x0000008c   Code   RO          920    .text.remove_chain  ff.o
    0x080041b4   0x080041b4   0x00000026   Code   RO          918    .text.st_clust      ff.o
    0x080041da   0x080041da   0x00000002   PAD
    0x080041dc   0x080041dc   0x00000004   Code   RO          914    .text.st_dword      ff.o
    0x080041e0   0x080041e0   0x00000004   Code   RO          948    .text.st_word       ff.o
    0x080041e4   0x080041e4   0x00000024   Code   RO         1016    .text.sum_sfn       ff.o
    0x08004208   0x08004208   0x00000094   Code   RO          950    .text.sync_fs       ff.o
    0x0800429c   0x0800429c   0x0000005a   Code   RO          986    .text.sync_window   ff.o
    0x080042f6   0x080042f6   0x00000002   PAD
    0x080042f8   0x080042f8   0x0000001e   Code   RO          133    .text.vW25qx_writeSector  flash.o
    0x08004316   0x08004316   0x00000002   PAD
    0x08004318   0x08004318   0x00000044   Code   RO          936    .text.validate      ff.o
    0x0800435c   0x0800435c   0x00000020   Code   RO         1134    i.__0printf$1       mc_w.l(printf1.o)
    0x0800437c   0x0800437c   0x0000000e   Code   RO         1390    i.__scatterload_copy  mc_w.l(handlers.o)
    0x0800438a   0x0800438a   0x00000002   Code   RO         1391    i.__scatterload_null  mc_w.l(handlers.o)
    0x0800438c   0x0800438c   0x0000000e   Code   RO         1392    i.__scatterload_zeroinit  mc_w.l(handlers.o)
    0x0800439a   0x0800439a   0x00000002   PAD
    0x0800439c   0x0800439c   0x00000154   Code   RO         1141    i._printf_core      mc_w.l(printf1.o)
    0x080044f0   0x080044f0   0x00000024   Code   RO         1081    i.puts              mc_w.l(puts.o)
    0x08004514   0x08004514   0x00000010   Data   RO          866    .rodata.AHBPrescTable  system_stm32f4xx.o
    0x08004524   0x08004524   0x00000008   Data   RO          867    .rodata.APBPrescTable  system_stm32f4xx.o
    0x0800452c   0x0800452c   0x0000000d   Data   RO         1035    .rodata.LfnOfs      ff.o
    0x08004539   0x08004539   0x00000001   PAD
    0x0800453a   0x0800453a   0x00015484   Data   RO         1068    .rodata.oem2uni     cc936.o
    0x080199be   0x080199be   0x0000001c   Data   RO           28    .rodata.str1.1      main.o
    0x080199da   0x080199da   0x00000014   Data   RO         1032    .rodata.str1.1      ff.o
    0x080199ee   0x080199ee   0x0000001c   Data   RO         1031    .rodata.str2.2      ff.o
    0x08019a0a   0x08019a0a   0x000002ae   Data   RO         1070    .rodata.str2.2      cc936.o
    0x08019cb8   0x08019cb8   0x00015484   Data   RO         1069    .rodata.uni2oem     cc936.o
    0x0802f13c   0x0802f13c   0x00000020   Data   RO         1389    Region$$Table       anon$$obj.o


    Execution Region RW_IRAM2 (Exec base: 0x10000000, Load base: 0x0802f188, Size: 0x00000000, Max: 0x00010000, ABSOLUTE)

    **** No section assigned to this execution region ****


    Execution Region RW_IRAM1 (Exec base: 0x20000000, Load base: 0x0802f160, Size: 0x00002138, Max: 0x00020000, ABSOLUTE)

    Exec Addr    Load Addr    Size         Type   Attr      Idx    E Section Name        Object

    0x20000000   0x0802f160   0x00000004   Data   RW         1364    .data               mc_w.l(stdout.o)
    0x20000004   0x0802f164   0x00000001   Data   RW          156    .data.Stat          user_diskio.o
    0x20000005   0x0802f165   0x00000003   PAD
    0x20000008   0x0802f168   0x00000004   Data   RW          865    .data.SystemCoreClock  system_stm32f4xx.o
    0x2000000c   0x0802f16c   0x00000014   Data   RW          155    .data.USER_Driver   user_diskio.o
    0x20000020   0x0802f180   0x00000001   Data   RW          587    .data.uwTickFreq    stm32f4xx_hal.o
    0x20000021   0x0802f181   0x00000003   PAD
    0x20000024   0x0802f184   0x00000004   Data   RW          586    .data.uwTickPrio    stm32f4xx_hal.o
    0x20000028        -       0x00000004   Zero   RW         1030    .bss.FatFs          ff.o
    0x2000002c        -       0x00000020   Zero   RW         1033    .bss.Files          ff.o
    0x2000004c        -       0x00000002   Zero   RW         1034    .bss.Fsid           ff.o
    0x2000004e        -       0x00000004   Zero   RW          169    .bss.USERPath       fatfs.o
    0x20000052   0x0802f188   0x00000002   PAD
    0x20000054        -       0x0000000c   Zero   RW         1054    .bss.disk           ff_gen_drv.o
    0x20000060        -       0x00001034   Zero   RW           27    .bss.fs             main.o
    0x20001094        -       0x00000058   Zero   RW           56    .bss.hspi1          spi.o
    0x200010ec        -       0x00000040   Zero   RW           73    .bss.huart1         usart.o
    0x2000112c        -       0x00000001   Zero   RW          170    .bss.retUSER        fatfs.o
    0x2000112d   0x0802f188   0x00000003   PAD
    0x20001130        -       0x00000004   Zero   RW          588    .bss.uwTick         stm32f4xx_hal.o
    0x20001134   0x0802f188   0x00000004   PAD
    0x20001138        -       0x00001000   Zero   RW            1    STACK               startup_stm32f407xx.o


==============================================================================

Image component sizes


      Code (inc. data)   RO Data    RW Data    ZI Data      Debug   Object Name

       300         10     175030          0          0       2042   cc936.o
       152          0          0          0          0       2045   diskio.o
        38          0          0          0          5       1822   fatfs.o
      9508         76         61          0         38      45656   ff.o
        90          0          0          0         12       2555   ff_gen_drv.o
       424          0          0          0          0       4309   flash.o
       148          0          0          0          0       2104   gpio.o
       844        240         28          0       4148       5730   main.o
       180          0          0          0         88       4833   spi.o
        36          8        392          0       4096        804   startup_stm32f407xx.o
       172          0          0          5          4       7255   stm32f4xx_hal.o
       218          0          0          0          0      10296   stm32f4xx_hal_cortex.o
       414          0          0          0          0       5051   stm32f4xx_hal_gpio.o
        56          0          0          0          0       1415   stm32f4xx_hal_msp.o
      1358          0          0          0          0       7260   stm32f4xx_hal_rcc.o
      1654          0          0          0          0      20813   stm32f4xx_hal_spi.o
       458          0          0          0          0      17164   stm32f4xx_hal_uart.o
        24          0          0          0          0        998   stm32f4xx_it.o
        26          0         24          4          0       2601   system_stm32f4xx.o
       192          0          0          0         64       5151   usart.o
       148          6          0         21          0       2400   user_diskio.o

    ----------------------------------------------------------------------
     16556        340     175568         36       8464     152304   Object Totals
         0          0         32          0          0          0   (incl. Generated)
       116          0          1          6          9          0   (incl. Padding)

    ----------------------------------------------------------------------

      Code (inc. data)   RO Data    RW Data    ZI Data      Debug   Library Member Name

         0          0          0          0          0          0   entry.o
         0          0          0          0          0          0   entry10a.o
         0          0          0          0          0          0   entry11a.o
         8          4          0          0          0          0   entry2.o
         4          0          0          0          0          0   entry5.o
         0          0          0          0          0          0   entry7b.o
         0          0          0          0          0          0   entry8b.o
         8          4          0          0          0          0   entry9a.o
        30          0          0          0          0          0   handlers.o
        36          8          0          0          0         68   init.o
        30          0          0          0          0         68   llshl.o
        32          0          0          0          0         68   llushr.o
        36          0          0          0          0        108   memseta.o
       372         14          0          0          0        184   printf1.o
        36          6          0          0          0         80   puts.o
         0          0          0          4          0          0   stdout.o
        44          0          0          0          0         80   uidiv.o
        98          0          0          0          0         92   uldiv.o

    ----------------------------------------------------------------------
       736         36          0          4          0        748   Library Totals
         2          0          0          0          0          0   (incl. Padding)

    ----------------------------------------------------------------------

      Code (inc. data)   RO Data    RW Data    ZI Data      Debug   Library Name

       734         36          0          4          0        748   mc_w.l

    ----------------------------------------------------------------------
       736         36          0          4          0        748   Library Totals

    ----------------------------------------------------------------------

==============================================================================


      Code (inc. data)   RO Data    RW Data    ZI Data      Debug   

     17292        376     175568         40       8464     152640   Grand Totals
     17292        376     175568         40       8464     152640   ELF Image Totals
     17292        376     175568         40          0          0   ROM Totals

==============================================================================

    Total RO  Size (Code + RO Data)               192860 ( 188.34kB)
    Total RW  Size (RW Data + ZI Data)              8504 (   8.30kB)
    Total ROM Size (Code + RO Data + RW Data)     192900 ( 188.38kB)

==============================================================================

